Initialized native services in: C:\Users\david\.gradle\native
Initialized jansi services in: C:\Users\david\.gradle\native
Received JVM installation metadata from 'C:\Program Files\Microsoft\jdk-11.0.30.7-hotspot': {JAVA_HOME=C:\Program Files\Microsoft\jdk-11.0.30.7-hotspot, JAVA_VERSION=11.0.30, JAVA_VENDOR=Microsoft, RUNTIME_NAME=OpenJDK Runtime Environment, RUNTIME_VERSION=11.0.30+7-LTS, VM_NAME=OpenJDK 64-Bit Server VM, VM_VERSION=11.0.30+7-LTS, VM_VENDOR=Microsoft, OS_ARCH=amd64}
Starting process 'command 'C:\Program Files\Java\jdk-17\bin\java.exe''. Working directory: C:\Users\david\.gradle\.tmp\tmp-jvm12253805406893266258probe Command: C:\Program Files\Java\jdk-17\bin\java.exe -Xmx32m -Xms32m -cp . JavaProbe
Successfully started process 'command 'C:\Program Files\Java\jdk-17\bin\java.exe''
Received JVM installation metadata from 'C:\Program Files\Java\jdk-17': {JAVA_HOME=C:\Program Files\Java\jdk-17, JAVA_VERSION=17.0.12, JAVA_VENDOR=Oracle Corporation, RUNTIME_NAME=Java(TM) SE Runtime Environment, RUNTIME_VERSION=17.0.12+8-LTS-286, VM_NAME=Java HotSpot(TM) 64-Bit Server VM, VM_VERSION=17.0.12+8-LTS-286, VM_VENDOR=Oracle Corporation, OS_ARCH=amd64}
Found daemon DaemonInfo{pid=47776, address=[a6fe07bc-cd16-439a-8e68-c5c1213799da port:61896, addresses:[/127.0.0.1]], state=Idle, lastBusy=1782931300780, context=DefaultDaemonContext[uid=4c75d11d-13da-4069-94b5-9afea4012210,javaHome=C:\Program Files\Java\jdk-17,javaVersion=17,daemonRegistryDir=C:\Users\david\.gradle\daemon,pid=47776,idleTimeout=10800000,priority=NORMAL,applyInstrumentationAgent=true,nativeServicesMode=ENABLED,daemonOpts=-XX:MaxMetaspaceSize=512m,--add-opens=java.base/java.util=ALL-UNNAMED,--add-opens=java.base/java.lang=ALL-UNNAMED,--add-opens=java.base/java.lang.invoke=ALL-UNNAMED,--add-opens=java.prefs/java.util.prefs=ALL-UNNAMED,--add-exports=jdk.compiler/com.sun.tools.javac.api=ALL-UNNAMED,--add-exports=jdk.compiler/com.sun.tools.javac.util=ALL-UNNAMED,--add-opens=java.base/java.nio.charset=ALL-UNNAMED,--add-opens=java.base/java.net=ALL-UNNAMED,--add-opens=java.base/java.util.concurrent.atomic=ALL-UNNAMED,-Xmx2048m,-Dfile.encoding=windows-1252,-Duser.country=US,-Duser.language=en,-Duser.variant]} however its context does not match the desired criteria.
At least one daemon option is different.
Wanted: DaemonRequestContext{jvmCriteria='C:\Program Files\Java\jdk-17' (from org.gradle.java.home), daemonOpts=[-XX:MaxMetaspaceSize=1g, -XX:+UseG1GC, --add-opens=java.base/java.util=ALL-UNNAMED, --add-opens=java.base/java.lang=ALL-UNNAMED, --add-opens=java.base/java.lang.invoke=ALL-UNNAMED, --add-opens=java.prefs/java.util.prefs=ALL-UNNAMED, --add-exports=jdk.compiler/com.sun.tools.javac.api=ALL-UNNAMED, --add-exports=jdk.compiler/com.sun.tools.javac.util=ALL-UNNAMED, --add-opens=java.base/java.nio.charset=ALL-UNNAMED, --add-opens=java.base/java.net=ALL-UNNAMED, --add-opens=java.base/java.util.concurrent.atomic=ALL-UNNAMED, -Xmx4g, -Dfile.encoding=windows-1252, -Duser.country=US, -Duser.language=en, -Duser.variant], applyInstrumentationAgent=true, nativeServicesMode=ENABLED, priority=NORMAL}
Actual: DefaultDaemonContext[uid=4c75d11d-13da-4069-94b5-9afea4012210,javaHome=C:\Program Files\Java\jdk-17,javaVersion=17,daemonRegistryDir=C:\Users\david\.gradle\daemon,pid=47776,idleTimeout=10800000,priority=NORMAL,applyInstrumentationAgent=true,nativeServicesMode=ENABLED,daemonOpts=-XX:MaxMetaspaceSize=512m,--add-opens=java.base/java.util=ALL-UNNAMED,--add-opens=java.base/java.lang=ALL-UNNAMED,--add-opens=java.base/java.lang.invoke=ALL-UNNAMED,--add-opens=java.prefs/java.util.prefs=ALL-UNNAMED,--add-exports=jdk.compiler/com.sun.tools.javac.api=ALL-UNNAMED,--add-exports=jdk.compiler/com.sun.tools.javac.util=ALL-UNNAMED,--add-opens=java.base/java.nio.charset=ALL-UNNAMED,--add-opens=java.base/java.net=ALL-UNNAMED,--add-opens=java.base/java.util.concurrent.atomic=ALL-UNNAMED,-Xmx2048m,-Dfile.encoding=windows-1252,-Duser.country=US,-Duser.language=en,-Duser.variant]

  Looking for a different daemon...
Removing daemon from the registry due to communication failure. Daemon information: DaemonInfo{pid=22716, address=[c96c73b9-e04d-4fbb-afa5-6049cbeb95c4 port:62360, addresses:[/127.0.0.1]], state=Idle, lastBusy=1782939877904, context=DefaultDaemonContext[uid=6ad53e1a-020e-4a11-98a7-b280a365c50d,javaHome=C:\Program Files\Java\jdk-17,javaVersion=17,daemonRegistryDir=C:\Users\david\.gradle\daemon,pid=22716,idleTimeout=10800000,priority=NORMAL,applyInstrumentationAgent=true,nativeServicesMode=ENABLED,daemonOpts=-XX:MaxMetaspaceSize=1g,-XX:+UseG1GC,--add-opens=java.base/java.util=ALL-UNNAMED,--add-opens=java.base/java.lang=ALL-UNNAMED,--add-opens=java.base/java.lang.invoke=ALL-UNNAMED,--add-opens=java.prefs/java.util.prefs=ALL-UNNAMED,--add-exports=jdk.compiler/com.sun.tools.javac.api=ALL-UNNAMED,--add-exports=jdk.compiler/com.sun.tools.javac.util=ALL-UNNAMED,--add-opens=java.base/java.nio.charset=ALL-UNNAMED,--add-opens=java.base/java.net=ALL-UNNAMED,--add-opens=java.base/java.util.concurrent.atomic=ALL-UNNAMED,-Xmx4g,-Dfile.encoding=windows-1252,-Duser.country=US,-Duser.language=en,-Duser.variant]}
Removing 0 daemon stop events from registry
Previous Daemon (18140) stopped at Wed Jul 01 16:43:07 EDT 2026 other compatible daemons were started and after being idle for 0 minutes and not recently used
Previous Daemon (50972) stopped at Wed Jul 01 16:43:09 EDT 2026 other compatible daemons were started and after being idle for 0 minutes and not recently used
Previous Daemon (48080) stopped at Wed Jul 01 17:01:47 EDT 2026 by user or operating system
Previous Daemon (30920) stopped at Wed Jul 01 17:03:30 EDT 2026 by user or operating system
Previous Daemon (21496) stopped at Wed Jul 01 17:04:35 EDT 2026 by user or operating system
Previous Daemon (22716) stopped at Wed Jul 01 17:06:31 EDT 2026 by user or operating system
Starting a Gradle Daemon, 24 busy and 2 incompatible and 6 stopped Daemons could not be reused, use --status for details
Starting process 'Gradle build daemon'. Working directory: C:\Users\david\.gradle\daemon\8.9 Command: C:\Program Files\Java\jdk-17\bin\java.exe -XX:MaxMetaspaceSize=1g -XX:+UseG1GC --add-opens=java.base/java.util=ALL-UNNAMED --add-opens=java.base/java.lang=ALL-UNNAMED --add-opens=java.base/java.lang.invoke=ALL-UNNAMED --add-opens=java.prefs/java.util.prefs=ALL-UNNAMED --add-exports=jdk.compiler/com.sun.tools.javac.api=ALL-UNNAMED --add-exports=jdk.compiler/com.sun.tools.javac.util=ALL-UNNAMED --add-opens=java.base/java.nio.charset=ALL-UNNAMED --add-opens=java.base/java.net=ALL-UNNAMED --add-opens=java.base/java.util.concurrent.atomic=ALL-UNNAMED -Xmx4g -Dfile.encoding=windows-1252 -Duser.country=US -Duser.language=en -Duser.variant -cp C:\Users\david\.gradle\wrapper\dists\gradle-8.9-bin\90cnw93cvbtalezasaz0blq0a\gradle-8.9\lib\gradle-daemon-main-8.9.jar -javaagent:C:\Users\david\.gradle\wrapper\dists\gradle-8.9-bin\90cnw93cvbtalezasaz0blq0a\gradle-8.9\lib\agents\gradle-instrumentation-agent-8.9.jar org.gradle.launcher.daemon.bootstrap.GradleDaemon 8.9
Successfully started process 'Gradle build daemon'
An attempt to start the daemon took 2.415 secs.
The client will now receive all logging from the daemon (pid: 48932). The daemon log file: C:\Users\david\.gradle\daemon\8.9\daemon-48932.out.log
Starting build in new daemon [memory: 4 GiB]
Using 16 worker leases.
Received JVM installation metadata from 'C:\Program Files\Java\jdk-17': {JAVA_HOME=C:\Program Files\Java\jdk-17, JAVA_VERSION=17.0.12, JAVA_VENDOR=Oracle Corporation, RUNTIME_NAME=OpenJDK Runtime Environment, RUNTIME_VERSION=17.0.12+8-LTS-286, VM_NAME=Java HotSpot(TM) 64-Bit Server VM, VM_VERSION=17.0.12+8-LTS-286, VM_VENDOR=Oracle Corporation, OS_ARCH=amd64}
Watching the file system is configured to be enabled if available
Now considering [C:\Users\david\dev\robotics\ftc\ARESLib-Kotlin] as hierarchies to watch
File system watching is active
Starting Build
Settings evaluated using settings file 'C:\Users\david\dev\robotics\ftc\ARESLib-Kotlin\settings.gradle.kts'.
Projects loaded. Root project using build file 'C:\Users\david\dev\robotics\ftc\ARESLib-Kotlin\build.gradle.kts'.
Included projects: [root project 'ARESLib-Kotlin', project ':core', project ':frc-app', project ':ftc-hardware', project ':ftc-mocks', project ':FtcRobotController', project ':simulator', project ':TeamCode', project ':tools', project ':tools:replay-gui']

> Configure project :
Evaluating root project 'ARESLib-Kotlin' using build file 'C:\Users\david\dev\robotics\ftc\ARESLib-Kotlin\build.gradle.kts'.
Transforming gradle-8.7.0.jar (com.android.tools.build:gradle:8.7.0) with InstrumentationAnalysisTransform
Transforming gradle-settings-api-8.7.0.jar (com.android.tools.build:gradle-settings-api:8.7.0) with InstrumentationAnalysisTransform
Transforming lint-model-31.7.0.jar (com.android.tools.lint:lint-model:31.7.0) with InstrumentationAnalysisTransform
Transforming builder-8.7.0.jar (com.android.tools.build:builder:8.7.0) with InstrumentationAnalysisTransform
Transforming manifest-merger-31.7.0.jar (com.android.tools.build:manifest-merger:31.7.0) with InstrumentationAnalysisTransform
Transforming sdk-common-31.7.0.jar (com.android.tools:sdk-common:31.7.0) with InstrumentationAnalysisTransform
Transforming sdklib-31.7.0.jar (com.android.tools:sdklib:31.7.0) with InstrumentationAnalysisTransform
Transforming repository-31.7.0.jar (com.android.tools:repository:31.7.0) with InstrumentationAnalysisTransform
Transforming aaptcompiler-8.7.0.jar (com.android.tools.build:aaptcompiler:8.7.0) with InstrumentationAnalysisTransform
Transforming tracker-31.7.0.jar (com.android.tools.analytics-library:tracker:31.7.0) with InstrumentationAnalysisTransform
Transforming shared-31.7.0.jar (com.android.tools.analytics-library:shared:31.7.0) with InstrumentationAnalysisTransform
Transforming databinding-compiler-common-8.7.0.jar (androidx.databinding:databinding-compiler-common:8.7.0) with InstrumentationAnalysisTransform
Transforming android-test-plugin-host-emulator-control-proto-31.7.0.jar (com.android.tools.utp:android-test-plugin-host-emulator-control-proto:31.7.0) with InstrumentationAnalysisTransform
Transforming android-test-plugin-host-retention-proto-31.7.0.jar (com.android.tools.utp:android-test-plugin-host-retention-proto:31.7.0) with InstrumentationAnalysisTransform
Transforming builder-model-8.7.0.jar (com.android.tools.build:builder-model:8.7.0) with InstrumentationAnalysisTransform
Transforming gradle-api-8.7.0.jar (com.android.tools.build:gradle-api:8.7.0) with InstrumentationAnalysisTransform
Transforming builder-test-api-8.7.0.jar (com.android.tools.build:builder-test-api:8.7.0) with InstrumentationAnalysisTransform
Transforming ddmlib-31.7.0.jar (com.android.tools.ddms:ddmlib:31.7.0) with InstrumentationAnalysisTransform
Transforming layoutlib-api-31.7.0.jar (com.android.tools.layoutlib:layoutlib-api:31.7.0) with InstrumentationAnalysisTransform
Transforming dvlib-31.7.0.jar (com.android.tools:dvlib:31.7.0) with InstrumentationAnalysisTransform
Transforming common-31.7.0.jar (com.android.tools:common:31.7.0) with InstrumentationAnalysisTransform
Transforming kotlin-stdlib-jdk8-1.9.20.jar (org.jetbrains.kotlin:kotlin-stdlib-jdk8:1.9.20) with InstrumentationAnalysisTransform
Transforming jetifier-processor-1.0.0-beta10.jar (com.android.tools.build.jetifier:jetifier-processor:1.0.0-beta10) with InstrumentationAnalysisTransform
Transforming jetifier-core-1.0.0-beta10.jar (com.android.tools.build.jetifier:jetifier-core:1.0.0-beta10) with InstrumentationAnalysisTransform
Transforming kotlin-reflect-1.9.23.jar (org.jetbrains.kotlin:kotlin-reflect:1.9.23) with InstrumentationAnalysisTransform
Transforming kotlin-stdlib-jdk7-1.9.20.jar (org.jetbrains.kotlin:kotlin-stdlib-jdk7:1.9.20) with InstrumentationAnalysisTransform
Transforming kotlin-stdlib-1.9.23.jar (org.jetbrains.kotlin:kotlin-stdlib:1.9.23) with InstrumentationAnalysisTransform
Transforming kotlin-gradle-plugin-model-1.9.23.jar (org.jetbrains.kotlin:kotlin-gradle-plugin-model:1.9.23) with InstrumentationAnalysisTransform
Transforming kotlin-gradle-plugin-api-1.9.23.jar (org.jetbrains.kotlin:kotlin-gradle-plugin-api:1.9.23) with InstrumentationAnalysisTransform
Transforming kotlin-gradle-plugin-1.9.23-gradle82.jar (org.jetbrains.kotlin:kotlin-gradle-plugin:1.9.23) with InstrumentationAnalysisTransform
Transforming kotlin-compiler-runner-1.9.23.jar (org.jetbrains.kotlin:kotlin-compiler-runner:1.9.23) with InstrumentationAnalysisTransform
Transforming dokka-gradle-plugin-1.9.20.jar (org.jetbrains.dokka:dokka-gradle-plugin:1.9.20) with InstrumentationAnalysisTransform
Transforming dokka-core-1.9.20.jar (org.jetbrains.dokka:dokka-core:1.9.20) with InstrumentationAnalysisTransform
Transforming kotlinx-coroutines-core-jvm-1.7.3.jar (org.jetbrains.kotlinx:kotlinx-coroutines-core-jvm:1.7.3) with InstrumentationAnalysisTransform
Transforming annotations-13.0.jar (org.jetbrains:annotations:13.0) with InstrumentationAnalysisTransform
Transforming bundletool-1.17.1.jar (com.android.tools.build:bundletool:1.17.1) with InstrumentationAnalysisTransform
Transforming aapt2-proto-8.7.0-12006047.jar (com.android.tools.build:aapt2-proto:8.7.0-12006047) with InstrumentationAnalysisTransform
Transforming crash-31.7.0.jar (com.android.tools.analytics-library:crash:31.7.0) with InstrumentationAnalysisTransform
Transforming lint-typedef-remover-31.7.0.jar (com.android.tools.lint:lint-typedef-remover:31.7.0) with InstrumentationAnalysisTransform
Transforming databinding-common-8.7.0.jar (androidx.databinding:databinding-common:8.7.0) with InstrumentationAnalysisTransform
Transforming baseLibrary-8.7.0.jar (com.android.databinding:baseLibrary:8.7.0) with InstrumentationAnalysisTransform
Transforming android-device-provider-ddmlib-proto-31.7.0.jar (com.android.tools.utp:android-device-provider-ddmlib-proto:31.7.0) with InstrumentationAnalysisTransform
Transforming android-device-provider-gradle-proto-31.7.0.jar (com.android.tools.utp:android-device-provider-gradle-proto:31.7.0) with InstrumentationAnalysisTransform
Transforming android-device-provider-profile-proto-31.7.0.jar (com.android.tools.utp:android-device-provider-profile-proto:31.7.0) with InstrumentationAnalysisTransform
Transforming android-test-plugin-host-additional-test-output-proto-31.7.0.jar (com.android.tools.utp:android-test-plugin-host-additional-test-output-proto:31.7.0) with InstrumentationAnalysisTransform
Transforming android-test-plugin-host-coverage-proto-31.7.0.jar (com.android.tools.utp:android-test-plugin-host-coverage-proto:31.7.0) with InstrumentationAnalysisTransform
Transforming android-test-plugin-host-logcat-proto-31.7.0.jar (com.android.tools.utp:android-test-plugin-host-logcat-proto:31.7.0) with InstrumentationAnalysisTransform
Transforming android-test-plugin-host-apk-installer-proto-31.7.0.jar (com.android.tools.utp:android-test-plugin-host-apk-installer-proto:31.7.0) with InstrumentationAnalysisTransform
Transforming android-test-plugin-result-listener-gradle-proto-31.7.0.jar (com.android.tools.utp:android-test-plugin-result-listener-gradle-proto:31.7.0) with InstrumentationAnalysisTransform
Transforming transform-api-2.0.0-deprecated-use-gradle-api.jar (com.android.tools.build:transform-api:2.0.0-deprecated-use-gradle-api) with InstrumentationAnalysisTransform
Transforming httpmime-4.5.6.jar (org.apache.httpcomponents:httpmime:4.5.6) with InstrumentationAnalysisTransform
Transforming commons-io-2.13.0.jar (commons-io:commons-io:2.13.0) with InstrumentationAnalysisTransform
Transforming asm-commons-9.6.jar (org.ow2.asm:asm-commons:9.6) with InstrumentationAnalysisTransform
Transforming asm-util-9.6.jar (org.ow2.asm:asm-util:9.6) with InstrumentationAnalysisTransform
Transforming asm-analysis-9.6.jar (org.ow2.asm:asm-analysis:9.6) with InstrumentationAnalysisTransform
Transforming asm-tree-9.6.jar (org.ow2.asm:asm-tree:9.6) with InstrumentationAnalysisTransform
Transforming asm-9.6.jar (org.ow2.asm:asm:9.6) with InstrumentationAnalysisTransform
Transforming apkzlib-8.7.0.jar (com.android.tools.build:apkzlib:8.7.0) with InstrumentationAnalysisTransform
Transforming bcpkix-jdk18on-1.77.jar (org.bouncycastle:bcpkix-jdk18on:1.77) with InstrumentationAnalysisTransform
Transforming jaxb-runtime-2.3.2.jar (org.glassfish.jaxb:jaxb-runtime:2.3.2) with InstrumentationAnalysisTransform
Transforming jopt-simple-4.9.jar (net.sf.jopt-simple:jopt-simple:4.9) with InstrumentationAnalysisTransform
Transforming javapoet-1.10.0.jar (com.squareup:javapoet:1.10.0) with InstrumentationAnalysisTransform
Transforming protobuf-java-util-3.22.3.jar (com.google.protobuf:protobuf-java-util:3.22.3) with InstrumentationAnalysisTransform
Transforming grpc-protobuf-1.57.0.jar (io.grpc:grpc-protobuf:1.57.0) with InstrumentationAnalysisTransform
Transforming tink-1.7.0.jar (com.google.crypto.tink:tink:1.7.0) with InstrumentationAnalysisTransform
Transforming protos-31.7.0.jar (com.android.tools.analytics-library:protos:31.7.0) with InstrumentationAnalysisTransform
Transforming proto-google-common-protos-2.17.0.jar (com.google.api.grpc:proto-google-common-protos:2.17.0) with InstrumentationAnalysisTransform
Transforming protobuf-java-3.22.3.jar (com.google.protobuf:protobuf-java:3.22.3) with InstrumentationAnalysisTransform
Transforming grpc-netty-1.57.0.jar (io.grpc:grpc-netty:1.57.0) with InstrumentationAnalysisTransform
Transforming grpc-core-1.57.0.jar (io.grpc:grpc-core:1.57.0) with InstrumentationAnalysisTransform
Transforming gson-2.10.1.jar (com.google.code.gson:gson:2.10.1) with InstrumentationAnalysisTransform
Transforming grpc-stub-1.57.0.jar (io.grpc:grpc-stub:1.57.0) with InstrumentationAnalysisTransform
Transforming core-proto-0.0.9-alpha02.jar (com.google.testing.platform:core-proto:0.0.9-alpha02) with InstrumentationAnalysisTransform
Transforming tensorflow-lite-metadata-0.1.0-rc2.jar (org.tensorflow:tensorflow-lite-metadata:0.1.0-rc2) with InstrumentationAnalysisTransform
Transforming flatbuffers-java-1.12.0.jar (com.google.flatbuffers:flatbuffers-java:1.12.0) with InstrumentationAnalysisTransform
Transforming jimfs-1.1.jar (com.google.jimfs:jimfs:1.1) with InstrumentationAnalysisTransform
Transforming grpc-context-1.57.0.jar (io.grpc:grpc-context:1.57.0) with InstrumentationAnalysisTransform
Transforming grpc-protobuf-lite-1.57.0.jar (io.grpc:grpc-protobuf-lite:1.57.0) with InstrumentationAnalysisTransform
Transforming grpc-api-1.57.0.jar (io.grpc:grpc-api:1.57.0) with InstrumentationAnalysisTransform
Transforming guava-32.0.1-jre.jar (com.google.guava:guava:32.0.1-jre) with InstrumentationAnalysisTransform
Transforming dagger-2.28.3.jar (com.google.dagger:dagger:2.28.3) with InstrumentationAnalysisTransform
Transforming javax.inject-1.jar (javax.inject:javax.inject:1) with InstrumentationAnalysisTransform
Transforming kxml2-2.3.0.jar (net.sf.kxml:kxml2:2.3.0) with InstrumentationAnalysisTransform
Transforming bcutil-jdk18on-1.77.jar (org.bouncycastle:bcutil-jdk18on:1.77) with InstrumentationAnalysisTransform
Transforming bcprov-jdk18on-1.77.jar (org.bouncycastle:bcprov-jdk18on:1.77) with InstrumentationAnalysisTransform
Transforming kotlin-android-extensions-1.9.23.jar (org.jetbrains.kotlin:kotlin-android-extensions:1.9.23) with InstrumentationAnalysisTransform
Transforming kotlin-compiler-embeddable-1.9.23.jar (org.jetbrains.kotlin:kotlin-compiler-embeddable:1.9.23) with InstrumentationAnalysisTransform
Transforming trove4j-1.0.20200330.jar (org.jetbrains.intellij.deps:trove4j:1.0.20200330) with InstrumentationAnalysisTransform
Transforming commons-compress-1.21.jar (org.apache.commons:commons-compress:1.21) with InstrumentationAnalysisTransform
Transforming httpclient-4.5.14.jar (org.apache.httpcomponents:httpclient:4.5.14) with InstrumentationAnalysisTransform
Transforming httpcore-4.4.16.jar (org.apache.httpcomponents:httpcore:4.4.16) with InstrumentationAnalysisTransform
Transforming javax.activation-1.2.0.jar (com.sun.activation:javax.activation:1.2.0) with InstrumentationAnalysisTransform
Transforming signflinger-8.7.0.jar (com.android:signflinger:8.7.0) with InstrumentationAnalysisTransform
Transforming zipflinger-8.7.0.jar (com.android:zipflinger:8.7.0) with InstrumentationAnalysisTransform
Transforming annotations-31.7.0.jar (com.android.tools:annotations:31.7.0) with InstrumentationAnalysisTransform
Transforming jna-platform-5.6.0.jar (net.java.dev.jna:jna-platform:5.6.0) with InstrumentationAnalysisTransform
Transforming juniversalchardet-1.0.3.jar (com.googlecode.juniversalchardet:juniversalchardet:1.0.3) with InstrumentationAnalysisTransform
Transforming javax.annotation-api-1.3.2.jar (javax.annotation:javax.annotation-api:1.3.2) with InstrumentationAnalysisTransform
Transforming stax-ex-1.8.1.jar (org.jvnet.staxex:stax-ex:1.8.1) with InstrumentationAnalysisTransform
Transforming jackson-module-kotlin-2.12.7.jar (com.fasterxml.jackson.module:jackson-module-kotlin:2.12.7) with InstrumentationAnalysisTransform
Transforming jackson-databind-2.12.7.1.jar (com.fasterxml.jackson.core:jackson-databind:2.12.7.1) with InstrumentationAnalysisTransform
Transforming jackson-annotations-2.12.7.jar (com.fasterxml.jackson.core:jackson-annotations:2.12.7) with InstrumentationAnalysisTransform
Transforming jackson-core-2.12.7.jar (com.fasterxml.jackson.core:jackson-core:2.12.7) with InstrumentationAnalysisTransform
Transforming jackson-dataformat-xml-2.12.7.jar (com.fasterxml.jackson.dataformat:jackson-dataformat-xml:2.12.7) with InstrumentationAnalysisTransform
Transforming jackson-module-jaxb-annotations-2.12.7.jar (com.fasterxml.jackson.module:jackson-module-jaxb-annotations:2.12.7) with InstrumentationAnalysisTransform
Transforming jakarta.xml.bind-api-2.3.2.jar (jakarta.xml.bind:jakarta.xml.bind-api:2.3.2) with InstrumentationAnalysisTransform
Transforming txw2-2.3.2.jar (org.glassfish.jaxb:txw2:2.3.2) with InstrumentationAnalysisTransform
Transforming istack-commons-runtime-3.0.8.jar (com.sun.istack:istack-commons-runtime:3.0.8) with InstrumentationAnalysisTransform
Transforming FastInfoset-1.2.16.jar (com.sun.xml.fastinfoset:FastInfoset:1.2.16) with InstrumentationAnalysisTransform
Transforming jakarta.activation-api-1.2.1.jar (jakarta.activation:jakarta.activation-api:1.2.1) with InstrumentationAnalysisTransform
Transforming auto-value-annotations-1.6.2.jar (com.google.auto.value:auto-value-annotations:1.6.2) with InstrumentationAnalysisTransform
Transforming error_prone_annotations-2.18.0.jar (com.google.errorprone:error_prone_annotations:2.18.0) with InstrumentationAnalysisTransform
Transforming jose4j-0.9.5.jar (org.bitbucket.b_c:jose4j:0.9.5) with InstrumentationAnalysisTransform
Transforming slf4j-api-1.7.30.jar (org.slf4j:slf4j-api:1.7.30) with InstrumentationAnalysisTransform
Transforming jdom2-2.0.6.jar (org.jdom:jdom2:2.0.6) with InstrumentationAnalysisTransform
Transforming jsr305-3.0.2.jar (com.google.code.findbugs:jsr305:3.0.2) with InstrumentationAnalysisTransform
Transforming j2objc-annotations-2.8.jar (com.google.j2objc:j2objc-annotations:2.8) with InstrumentationAnalysisTransform
Transforming annotations-4.1.1.4.jar (com.google.android:annotations:4.1.1.4) with InstrumentationAnalysisTransform
Transforming animal-sniffer-annotations-1.23.jar (org.codehaus.mojo:animal-sniffer-annotations:1.23) with InstrumentationAnalysisTransform
Transforming perfmark-api-0.26.0.jar (io.perfmark:perfmark-api:0.26.0) with InstrumentationAnalysisTransform
Transforming netty-codec-http2-4.1.93.Final.jar (io.netty:netty-codec-http2:4.1.93.Final) with InstrumentationAnalysisTransform
Transforming netty-handler-proxy-4.1.93.Final.jar (io.netty:netty-handler-proxy:4.1.93.Final) with InstrumentationAnalysisTransform
Transforming netty-codec-http-4.1.93.Final.jar (io.netty:netty-codec-http:4.1.93.Final) with InstrumentationAnalysisTransform
Transforming netty-handler-4.1.93.Final.jar (io.netty:netty-handler:4.1.93.Final) with InstrumentationAnalysisTransform
Transforming netty-transport-native-unix-common-4.1.93.Final.jar (io.netty:netty-transport-native-unix-common:4.1.93.Final) with InstrumentationAnalysisTransform
Transforming checker-qual-3.33.0.jar (org.checkerframework:checker-qual:3.33.0) with InstrumentationAnalysisTransform
Transforming commons-codec-1.11.jar (commons-codec:commons-codec:1.11) with InstrumentationAnalysisTransform
Transforming apksig-8.7.0.jar (com.android.tools.build:apksig:8.7.0) with InstrumentationAnalysisTransform
Transforming javawriter-2.5.0.jar (com.squareup:javawriter:2.5.0) with InstrumentationAnalysisTransform
Transforming kotlin-gradle-plugin-idea-proto-1.9.23.jar (org.jetbrains.kotlin:kotlin-gradle-plugin-idea-proto:1.9.23) with InstrumentationAnalysisTransform
Transforming kotlin-gradle-plugin-idea-1.9.23.jar (org.jetbrains.kotlin:kotlin-gradle-plugin-idea:1.9.23) with InstrumentationAnalysisTransform
Transforming kotlin-klib-commonizer-api-1.9.23.jar (org.jetbrains.kotlin:kotlin-klib-commonizer-api:1.9.23) with InstrumentationAnalysisTransform
Transforming kotlin-native-utils-1.9.23.jar (org.jetbrains.kotlin:kotlin-native-utils:1.9.23) with InstrumentationAnalysisTransform
Transforming kotlin-util-klib-1.9.23.jar (org.jetbrains.kotlin:kotlin-util-klib:1.9.23) with InstrumentationAnalysisTransform
Transforming kotlin-build-tools-api-1.9.23.jar (org.jetbrains.kotlin:kotlin-build-tools-api:1.9.23) with InstrumentationAnalysisTransform
Transforming kotlin-scripting-compiler-embeddable-1.9.23.jar (org.jetbrains.kotlin:kotlin-scripting-compiler-embeddable:1.9.23) with InstrumentationAnalysisTransform
Transforming kotlin-scripting-compiler-impl-embeddable-1.9.23.jar (org.jetbrains.kotlin:kotlin-scripting-compiler-impl-embeddable:1.9.23) with InstrumentationAnalysisTransform
Transforming failureaccess-1.0.1.jar (com.google.guava:failureaccess:1.0.1) with InstrumentationAnalysisTransform
Transforming listenablefuture-9999.0-empty-to-avoid-conflict-with-guava.jar (com.google.guava:listenablefuture:9999.0-empty-to-avoid-conflict-with-guava) with InstrumentationAnalysisTransform
Transforming commons-logging-1.2.jar (commons-logging:commons-logging:1.2) with InstrumentationAnalysisTransform
Transforming jna-5.6.0.jar (net.java.dev.jna:jna:5.6.0) with InstrumentationAnalysisTransform
Transforming netty-codec-socks-4.1.93.Final.jar (io.netty:netty-codec-socks:4.1.93.Final) with InstrumentationAnalysisTransform
Transforming netty-codec-4.1.93.Final.jar (io.netty:netty-codec:4.1.93.Final) with InstrumentationAnalysisTransform
Transforming netty-transport-4.1.93.Final.jar (io.netty:netty-transport:4.1.93.Final) with InstrumentationAnalysisTransform
Transforming netty-buffer-4.1.93.Final.jar (io.netty:netty-buffer:4.1.93.Final) with InstrumentationAnalysisTransform
Transforming netty-resolver-4.1.93.Final.jar (io.netty:netty-resolver:4.1.93.Final) with InstrumentationAnalysisTransform
Transforming netty-common-4.1.93.Final.jar (io.netty:netty-common:4.1.93.Final) with InstrumentationAnalysisTransform
Transforming kotlin-gradle-plugin-annotations-1.9.23.jar (org.jetbrains.kotlin:kotlin-gradle-plugin-annotations:1.9.23) with InstrumentationAnalysisTransform
Transforming kotlin-project-model-1.9.23.jar (org.jetbrains.kotlin:kotlin-project-model:1.9.23) with InstrumentationAnalysisTransform
Transforming kotlin-tooling-core-1.9.23.jar (org.jetbrains.kotlin:kotlin-tooling-core:1.9.23) with InstrumentationAnalysisTransform
Transforming kotlin-util-io-1.9.23.jar (org.jetbrains.kotlin:kotlin-util-io:1.9.23) with InstrumentationAnalysisTransform
Transforming kotlin-daemon-embeddable-1.9.23.jar (org.jetbrains.kotlin:kotlin-daemon-embeddable:1.9.23) with InstrumentationAnalysisTransform
Transforming kotlin-daemon-client-1.9.23.jar (org.jetbrains.kotlin:kotlin-daemon-client:1.9.23) with InstrumentationAnalysisTransform
Transforming kotlin-scripting-jvm-1.9.23.jar (org.jetbrains.kotlin:kotlin-scripting-jvm:1.9.23) with InstrumentationAnalysisTransform
Transforming kotlin-scripting-common-1.9.23.jar (org.jetbrains.kotlin:kotlin-scripting-common:1.9.23) with InstrumentationAnalysisTransform
Transforming woodstox-core-6.2.4.jar (com.fasterxml.woodstox:woodstox-core:6.2.4) with InstrumentationAnalysisTransform
Transforming stax2-api-4.2.1.jar (org.codehaus.woodstox:stax2-api:4.2.1) with InstrumentationAnalysisTransform
Transforming gradle-8.7.0.jar (com.android.tools.build:gradle:8.7.0) with InstrumentationAnalysisTransform
Transforming gradle-8.7.0.jar (com.android.tools.build:gradle:8.7.0) with MergeInstrumentationAnalysisTransform
Transforming gradle-settings-api-8.7.0.jar (com.android.tools.build:gradle-settings-api:8.7.0) with InstrumentationAnalysisTransform
Transforming gradle-settings-api-8.7.0.jar (com.android.tools.build:gradle-settings-api:8.7.0) with MergeInstrumentationAnalysisTransform
Transforming lint-model-31.7.0.jar (com.android.tools.lint:lint-model:31.7.0) with InstrumentationAnalysisTransform
Transforming lint-model-31.7.0.jar (com.android.tools.lint:lint-model:31.7.0) with MergeInstrumentationAnalysisTransform
Transforming builder-8.7.0.jar (com.android.tools.build:builder:8.7.0) with InstrumentationAnalysisTransform
Transforming builder-8.7.0.jar (com.android.tools.build:builder:8.7.0) with MergeInstrumentationAnalysisTransform
Transforming manifest-merger-31.7.0.jar (com.android.tools.build:manifest-merger:31.7.0) with InstrumentationAnalysisTransform
Transforming manifest-merger-31.7.0.jar (com.android.tools.build:manifest-merger:31.7.0) with MergeInstrumentationAnalysisTransform
Transforming sdk-common-31.7.0.jar (com.android.tools:sdk-common:31.7.0) with InstrumentationAnalysisTransform
Transforming sdk-common-31.7.0.jar (com.android.tools:sdk-common:31.7.0) with MergeInstrumentationAnalysisTransform
Transforming sdklib-31.7.0.jar (com.android.tools:sdklib:31.7.0) with InstrumentationAnalysisTransform
Transforming sdklib-31.7.0.jar (com.android.tools:sdklib:31.7.0) with MergeInstrumentationAnalysisTransform
Transforming repository-31.7.0.jar (com.android.tools:repository:31.7.0) with InstrumentationAnalysisTransform
Transforming repository-31.7.0.jar (com.android.tools:repository:31.7.0) with MergeInstrumentationAnalysisTransform
Transforming aaptcompiler-8.7.0.jar (com.android.tools.build:aaptcompiler:8.7.0) with InstrumentationAnalysisTransform
Transforming aaptcompiler-8.7.0.jar (com.android.tools.build:aaptcompiler:8.7.0) with MergeInstrumentationAnalysisTransform
Transforming tracker-31.7.0.jar (com.android.tools.analytics-library:tracker:31.7.0) with InstrumentationAnalysisTransform
Transforming tracker-31.7.0.jar (com.android.tools.analytics-library:tracker:31.7.0) with MergeInstrumentationAnalysisTransform
Transforming shared-31.7.0.jar (com.android.tools.analytics-library:shared:31.7.0) with InstrumentationAnalysisTransform
Transforming shared-31.7.0.jar (com.android.tools.analytics-library:shared:31.7.0) with MergeInstrumentationAnalysisTransform
Transforming databinding-compiler-common-8.7.0.jar (androidx.databinding:databinding-compiler-common:8.7.0) with InstrumentationAnalysisTransform
Transforming databinding-compiler-common-8.7.0.jar (androidx.databinding:databinding-compiler-common:8.7.0) with MergeInstrumentationAnalysisTransform
Transforming android-test-plugin-host-emulator-control-proto-31.7.0.jar (com.android.tools.utp:android-test-plugin-host-emulator-control-proto:31.7.0) with InstrumentationAnalysisTransform
Transforming android-test-plugin-host-emulator-control-proto-31.7.0.jar (com.android.tools.utp:android-test-plugin-host-emulator-control-proto:31.7.0) with MergeInstrumentationAnalysisTransform
Transforming android-test-plugin-host-retention-proto-31.7.0.jar (com.android.tools.utp:android-test-plugin-host-retention-proto:31.7.0) with InstrumentationAnalysisTransform
Transforming android-test-plugin-host-retention-proto-31.7.0.jar (com.android.tools.utp:android-test-plugin-host-retention-proto:31.7.0) with MergeInstrumentationAnalysisTransform
Transforming builder-model-8.7.0.jar (com.android.tools.build:builder-model:8.7.0) with InstrumentationAnalysisTransform
Transforming builder-model-8.7.0.jar (com.android.tools.build:builder-model:8.7.0) with MergeInstrumentationAnalysisTransform
Transforming gradle-8.7.0.jar (com.android.tools.build:gradle:8.7.0) with ExternalDependencyInstrumentingArtifactTransform
Transforming lint-model-31.7.0.jar (com.android.tools.lint:lint-model:31.7.0) with ExternalDependencyInstrumentingArtifactTransform
Transforming manifest-merger-31.7.0.jar (com.android.tools.build:manifest-merger:31.7.0) with ExternalDependencyInstrumentingArtifactTransform
Transforming gradle-api-8.7.0.jar (com.android.tools.build:gradle-api:8.7.0) with InstrumentationAnalysisTransform
Transforming gradle-api-8.7.0.jar (com.android.tools.build:gradle-api:8.7.0) with MergeInstrumentationAnalysisTransform
Transforming builder-test-api-8.7.0.jar (com.android.tools.build:builder-test-api:8.7.0) with InstrumentationAnalysisTransform
Transforming builder-test-api-8.7.0.jar (com.android.tools.build:builder-test-api:8.7.0) with MergeInstrumentationAnalysisTransform
Transforming ddmlib-31.7.0.jar (com.android.tools.ddms:ddmlib:31.7.0) with InstrumentationAnalysisTransform
Transforming ddmlib-31.7.0.jar (com.android.tools.ddms:ddmlib:31.7.0) with MergeInstrumentationAnalysisTransform
Transforming layoutlib-api-31.7.0.jar (com.android.tools.layoutlib:layoutlib-api:31.7.0) with InstrumentationAnalysisTransform
Transforming layoutlib-api-31.7.0.jar (com.android.tools.layoutlib:layoutlib-api:31.7.0) with MergeInstrumentationAnalysisTransform
Transforming dvlib-31.7.0.jar (com.android.tools:dvlib:31.7.0) with InstrumentationAnalysisTransform
Transforming dvlib-31.7.0.jar (com.android.tools:dvlib:31.7.0) with MergeInstrumentationAnalysisTransform
Transforming common-31.7.0.jar (com.android.tools:common:31.7.0) with InstrumentationAnalysisTransform
Transforming common-31.7.0.jar (com.android.tools:common:31.7.0) with MergeInstrumentationAnalysisTransform
Transforming kotlin-stdlib-jdk8-1.9.20.jar (org.jetbrains.kotlin:kotlin-stdlib-jdk8:1.9.20) with InstrumentationAnalysisTransform
Transforming sdklib-31.7.0.jar (com.android.tools:sdklib:31.7.0) with ExternalDependencyInstrumentingArtifactTransform
Transforming kotlin-stdlib-jdk8-1.9.20.jar (org.jetbrains.kotlin:kotlin-stdlib-jdk8:1.9.20) with MergeInstrumentationAnalysisTransform
Transforming jetifier-processor-1.0.0-beta10.jar (com.android.tools.build.jetifier:jetifier-processor:1.0.0-beta10) with InstrumentationAnalysisTransform
Transforming jetifier-processor-1.0.0-beta10.jar (com.android.tools.build.jetifier:jetifier-processor:1.0.0-beta10) with MergeInstrumentationAnalysisTransform
Transforming builder-8.7.0.jar (com.android.tools.build:builder:8.7.0) with ExternalDependencyInstrumentingArtifactTransform
Transforming jetifier-core-1.0.0-beta10.jar (com.android.tools.build.jetifier:jetifier-core:1.0.0-beta10) with InstrumentationAnalysisTransform
Transforming repository-31.7.0.jar (com.android.tools:repository:31.7.0) with ExternalDependencyInstrumentingArtifactTransform
Transforming gradle-settings-api-8.7.0.jar (com.android.tools.build:gradle-settings-api:8.7.0) with ExternalDependencyInstrumentingArtifactTransform
Transforming jetifier-core-1.0.0-beta10.jar (com.android.tools.build.jetifier:jetifier-core:1.0.0-beta10) with MergeInstrumentationAnalysisTransform
Transforming kotlin-reflect-1.9.23.jar (org.jetbrains.kotlin:kotlin-reflect:1.9.23) with InstrumentationAnalysisTransform
Transforming aaptcompiler-8.7.0.jar (com.android.tools.build:aaptcompiler:8.7.0) with ExternalDependencyInstrumentingArtifactTransform
Transforming sdk-common-31.7.0.jar (com.android.tools:sdk-common:31.7.0) with ExternalDependencyInstrumentingArtifactTransform
Transforming kotlin-reflect-1.9.23.jar (org.jetbrains.kotlin:kotlin-reflect:1.9.23) with MergeInstrumentationAnalysisTransform
Transforming kotlin-stdlib-jdk7-1.9.20.jar (org.jetbrains.kotlin:kotlin-stdlib-jdk7:1.9.20) with InstrumentationAnalysisTransform
Transforming kotlin-stdlib-jdk7-1.9.20.jar (org.jetbrains.kotlin:kotlin-stdlib-jdk7:1.9.20) with MergeInstrumentationAnalysisTransform
Transforming kotlin-stdlib-1.9.23.jar (org.jetbrains.kotlin:kotlin-stdlib:1.9.23) with InstrumentationAnalysisTransform
Transforming kotlin-stdlib-1.9.23.jar (org.jetbrains.kotlin:kotlin-stdlib:1.9.23) with MergeInstrumentationAnalysisTransform
Transforming kotlin-gradle-plugin-model-1.9.23.jar (org.jetbrains.kotlin:kotlin-gradle-plugin-model:1.9.23) with InstrumentationAnalysisTransform
Transforming kotlin-gradle-plugin-model-1.9.23.jar (org.jetbrains.kotlin:kotlin-gradle-plugin-model:1.9.23) with MergeInstrumentationAnalysisTransform
Transforming kotlin-gradle-plugin-api-1.9.23.jar (org.jetbrains.kotlin:kotlin-gradle-plugin-api:1.9.23) with InstrumentationAnalysisTransform
Transforming kotlin-gradle-plugin-api-1.9.23.jar (org.jetbrains.kotlin:kotlin-gradle-plugin-api:1.9.23) with MergeInstrumentationAnalysisTransform
Transforming kotlin-gradle-plugin-1.9.23-gradle82.jar (org.jetbrains.kotlin:kotlin-gradle-plugin:1.9.23) with InstrumentationAnalysisTransform
Transforming kotlin-gradle-plugin-1.9.23-gradle82.jar (org.jetbrains.kotlin:kotlin-gradle-plugin:1.9.23) with MergeInstrumentationAnalysisTransform
Transforming kotlin-compiler-runner-1.9.23.jar (org.jetbrains.kotlin:kotlin-compiler-runner:1.9.23) with InstrumentationAnalysisTransform
Transforming kotlin-compiler-runner-1.9.23.jar (org.jetbrains.kotlin:kotlin-compiler-runner:1.9.23) with MergeInstrumentationAnalysisTransform
Transforming dokka-gradle-plugin-1.9.20.jar (org.jetbrains.dokka:dokka-gradle-plugin:1.9.20) with InstrumentationAnalysisTransform
Transforming dokka-gradle-plugin-1.9.20.jar (org.jetbrains.dokka:dokka-gradle-plugin:1.9.20) with MergeInstrumentationAnalysisTransform
Transforming dokka-core-1.9.20.jar (org.jetbrains.dokka:dokka-core:1.9.20) with InstrumentationAnalysisTransform
Transforming dokka-core-1.9.20.jar (org.jetbrains.dokka:dokka-core:1.9.20) with MergeInstrumentationAnalysisTransform
Transforming kotlinx-coroutines-core-jvm-1.7.3.jar (org.jetbrains.kotlinx:kotlinx-coroutines-core-jvm:1.7.3) with InstrumentationAnalysisTransform
Transforming kotlinx-coroutines-core-jvm-1.7.3.jar (org.jetbrains.kotlinx:kotlinx-coroutines-core-jvm:1.7.3) with MergeInstrumentationAnalysisTransform
Transforming annotations-13.0.jar (org.jetbrains:annotations:13.0) with InstrumentationAnalysisTransform
Transforming annotations-13.0.jar (org.jetbrains:annotations:13.0) with MergeInstrumentationAnalysisTransform
Transforming bundletool-1.17.1.jar (com.android.tools.build:bundletool:1.17.1) with InstrumentationAnalysisTransform
Transforming shared-31.7.0.jar (com.android.tools.analytics-library:shared:31.7.0) with ExternalDependencyInstrumentingArtifactTransform
Transforming bundletool-1.17.1.jar (com.android.tools.build:bundletool:1.17.1) with MergeInstrumentationAnalysisTransform
Transforming aapt2-proto-8.7.0-12006047.jar (com.android.tools.build:aapt2-proto:8.7.0-12006047) with InstrumentationAnalysisTransform
Transforming aapt2-proto-8.7.0-12006047.jar (com.android.tools.build:aapt2-proto:8.7.0-12006047) with MergeInstrumentationAnalysisTransform
Transforming crash-31.7.0.jar (com.android.tools.analytics-library:crash:31.7.0) with InstrumentationAnalysisTransform
Transforming crash-31.7.0.jar (com.android.tools.analytics-library:crash:31.7.0) with MergeInstrumentationAnalysisTransform
Transforming lint-typedef-remover-31.7.0.jar (com.android.tools.lint:lint-typedef-remover:31.7.0) with InstrumentationAnalysisTransform
Transforming lint-typedef-remover-31.7.0.jar (com.android.tools.lint:lint-typedef-remover:31.7.0) with MergeInstrumentationAnalysisTransform
Transforming databinding-common-8.7.0.jar (androidx.databinding:databinding-common:8.7.0) with InstrumentationAnalysisTransform
Transforming databinding-common-8.7.0.jar (androidx.databinding:databinding-common:8.7.0) with MergeInstrumentationAnalysisTransform
Transforming baseLibrary-8.7.0.jar (com.android.databinding:baseLibrary:8.7.0) with InstrumentationAnalysisTransform
Transforming databinding-compiler-common-8.7.0.jar (androidx.databinding:databinding-compiler-common:8.7.0) with ExternalDependencyInstrumentingArtifactTransform
Transforming android-test-plugin-host-emulator-control-proto-31.7.0.jar (com.android.tools.utp:android-test-plugin-host-emulator-control-proto:31.7.0) with ExternalDependencyInstrumentingArtifactTransform
Transforming tracker-31.7.0.jar (com.android.tools.analytics-library:tracker:31.7.0) with ExternalDependencyInstrumentingArtifactTransform
Transforming baseLibrary-8.7.0.jar (com.android.databinding:baseLibrary:8.7.0) with MergeInstrumentationAnalysisTransform
Transforming android-device-provider-ddmlib-proto-31.7.0.jar (com.android.tools.utp:android-device-provider-ddmlib-proto:31.7.0) with InstrumentationAnalysisTransform
Transforming android-device-provider-ddmlib-proto-31.7.0.jar (com.android.tools.utp:android-device-provider-ddmlib-proto:31.7.0) with MergeInstrumentationAnalysisTransform
Transforming android-device-provider-gradle-proto-31.7.0.jar (com.android.tools.utp:android-device-provider-gradle-proto:31.7.0) with InstrumentationAnalysisTransform
Transforming android-device-provider-gradle-proto-31.7.0.jar (com.android.tools.utp:android-device-provider-gradle-proto:31.7.0) with MergeInstrumentationAnalysisTransform
Transforming android-device-provider-profile-proto-31.7.0.jar (com.android.tools.utp:android-device-provider-profile-proto:31.7.0) with InstrumentationAnalysisTransform
Transforming android-device-provider-profile-proto-31.7.0.jar (com.android.tools.utp:android-device-provider-profile-proto:31.7.0) with MergeInstrumentationAnalysisTransform
Transforming android-test-plugin-host-additional-test-output-proto-31.7.0.jar (com.android.tools.utp:android-test-plugin-host-additional-test-output-proto:31.7.0) with InstrumentationAnalysisTransform
Transforming android-test-plugin-host-additional-test-output-proto-31.7.0.jar (com.android.tools.utp:android-test-plugin-host-additional-test-output-proto:31.7.0) with MergeInstrumentationAnalysisTransform
Transforming android-test-plugin-host-coverage-proto-31.7.0.jar (com.android.tools.utp:android-test-plugin-host-coverage-proto:31.7.0) with InstrumentationAnalysisTransform
Transforming android-test-plugin-host-coverage-proto-31.7.0.jar (com.android.tools.utp:android-test-plugin-host-coverage-proto:31.7.0) with MergeInstrumentationAnalysisTransform
Transforming android-test-plugin-host-logcat-proto-31.7.0.jar (com.android.tools.utp:android-test-plugin-host-logcat-proto:31.7.0) with InstrumentationAnalysisTransform
Transforming android-test-plugin-host-logcat-proto-31.7.0.jar (com.android.tools.utp:android-test-plugin-host-logcat-proto:31.7.0) with MergeInstrumentationAnalysisTransform
Transforming android-test-plugin-host-apk-installer-proto-31.7.0.jar (com.android.tools.utp:android-test-plugin-host-apk-installer-proto:31.7.0) with InstrumentationAnalysisTransform
Transforming android-test-plugin-host-apk-installer-proto-31.7.0.jar (com.android.tools.utp:android-test-plugin-host-apk-installer-proto:31.7.0) with MergeInstrumentationAnalysisTransform
Transforming android-test-plugin-result-listener-gradle-proto-31.7.0.jar (com.android.tools.utp:android-test-plugin-result-listener-gradle-proto:31.7.0) with InstrumentationAnalysisTransform
Transforming android-test-plugin-result-listener-gradle-proto-31.7.0.jar (com.android.tools.utp:android-test-plugin-result-listener-gradle-proto:31.7.0) with MergeInstrumentationAnalysisTransform
Transforming transform-api-2.0.0-deprecated-use-gradle-api.jar (com.android.tools.build:transform-api:2.0.0-deprecated-use-gradle-api) with InstrumentationAnalysisTransform
Transforming builder-model-8.7.0.jar (com.android.tools.build:builder-model:8.7.0) with ExternalDependencyInstrumentingArtifactTransform
Transforming transform-api-2.0.0-deprecated-use-gradle-api.jar (com.android.tools.build:transform-api:2.0.0-deprecated-use-gradle-api) with MergeInstrumentationAnalysisTransform
Transforming httpmime-4.5.6.jar (org.apache.httpcomponents:httpmime:4.5.6) with InstrumentationAnalysisTransform
Transforming httpmime-4.5.6.jar (org.apache.httpcomponents:httpmime:4.5.6) with MergeInstrumentationAnalysisTransform
Transforming commons-io-2.13.0.jar (commons-io:commons-io:2.13.0) with InstrumentationAnalysisTransform
Transforming commons-io-2.13.0.jar (commons-io:commons-io:2.13.0) with MergeInstrumentationAnalysisTransform
Transforming asm-commons-9.6.jar (org.ow2.asm:asm-commons:9.6) with InstrumentationAnalysisTransform
Transforming asm-commons-9.6.jar (org.ow2.asm:asm-commons:9.6) with MergeInstrumentationAnalysisTransform
Transforming asm-util-9.6.jar (org.ow2.asm:asm-util:9.6) with InstrumentationAnalysisTransform
Transforming asm-util-9.6.jar (org.ow2.asm:asm-util:9.6) with MergeInstrumentationAnalysisTransform
Transforming asm-analysis-9.6.jar (org.ow2.asm:asm-analysis:9.6) with InstrumentationAnalysisTransform
Transforming asm-analysis-9.6.jar (org.ow2.asm:asm-analysis:9.6) with MergeInstrumentationAnalysisTransform
Transforming asm-tree-9.6.jar (org.ow2.asm:asm-tree:9.6) with InstrumentationAnalysisTransform
Transforming asm-tree-9.6.jar (org.ow2.asm:asm-tree:9.6) with MergeInstrumentationAnalysisTransform
Transforming asm-9.6.jar (org.ow2.asm:asm:9.6) with InstrumentationAnalysisTransform
Transforming asm-9.6.jar (org.ow2.asm:asm:9.6) with MergeInstrumentationAnalysisTransform
Transforming apkzlib-8.7.0.jar (com.android.tools.build:apkzlib:8.7.0) with InstrumentationAnalysisTransform
Transforming apkzlib-8.7.0.jar (com.android.tools.build:apkzlib:8.7.0) with MergeInstrumentationAnalysisTransform
Transforming bcpkix-jdk18on-1.77.jar (org.bouncycastle:bcpkix-jdk18on:1.77) with InstrumentationAnalysisTransform
Transforming bcpkix-jdk18on-1.77.jar (org.bouncycastle:bcpkix-jdk18on:1.77) with MergeInstrumentationAnalysisTransform
Transforming jaxb-runtime-2.3.2.jar (org.glassfish.jaxb:jaxb-runtime:2.3.2) with InstrumentationAnalysisTransform
Transforming jaxb-runtime-2.3.2.jar (org.glassfish.jaxb:jaxb-runtime:2.3.2) with MergeInstrumentationAnalysisTransform
Transforming jopt-simple-4.9.jar (net.sf.jopt-simple:jopt-simple:4.9) with InstrumentationAnalysisTransform
Transforming jopt-simple-4.9.jar (net.sf.jopt-simple:jopt-simple:4.9) with MergeInstrumentationAnalysisTransform
Transforming javapoet-1.10.0.jar (com.squareup:javapoet:1.10.0) with InstrumentationAnalysisTransform
Transforming javapoet-1.10.0.jar (com.squareup:javapoet:1.10.0) with MergeInstrumentationAnalysisTransform
Transforming protobuf-java-util-3.22.3.jar (com.google.protobuf:protobuf-java-util:3.22.3) with InstrumentationAnalysisTransform
Transforming protobuf-java-util-3.22.3.jar (com.google.protobuf:protobuf-java-util:3.22.3) with MergeInstrumentationAnalysisTransform
Transforming grpc-protobuf-1.57.0.jar (io.grpc:grpc-protobuf:1.57.0) with InstrumentationAnalysisTransform
Transforming grpc-protobuf-1.57.0.jar (io.grpc:grpc-protobuf:1.57.0) with MergeInstrumentationAnalysisTransform
Transforming tink-1.7.0.jar (com.google.crypto.tink:tink:1.7.0) with InstrumentationAnalysisTransform
Transforming android-test-plugin-host-retention-proto-31.7.0.jar (com.android.tools.utp:android-test-plugin-host-retention-proto:31.7.0) with ExternalDependencyInstrumentingArtifactTransform
Transforming tink-1.7.0.jar (com.google.crypto.tink:tink:1.7.0) with MergeInstrumentationAnalysisTransform
Transforming protos-31.7.0.jar (com.android.tools.analytics-library:protos:31.7.0) with InstrumentationAnalysisTransform
Transforming protos-31.7.0.jar (com.android.tools.analytics-library:protos:31.7.0) with MergeInstrumentationAnalysisTransform
Transforming proto-google-common-protos-2.17.0.jar (com.google.api.grpc:proto-google-common-protos:2.17.0) with InstrumentationAnalysisTransform
Transforming proto-google-common-protos-2.17.0.jar (com.google.api.grpc:proto-google-common-protos:2.17.0) with MergeInstrumentationAnalysisTransform
Transforming protobuf-java-3.22.3.jar (com.google.protobuf:protobuf-java:3.22.3) with InstrumentationAnalysisTransform
Transforming protobuf-java-3.22.3.jar (com.google.protobuf:protobuf-java:3.22.3) with MergeInstrumentationAnalysisTransform
Transforming grpc-netty-1.57.0.jar (io.grpc:grpc-netty:1.57.0) with InstrumentationAnalysisTransform
Transforming grpc-netty-1.57.0.jar (io.grpc:grpc-netty:1.57.0) with MergeInstrumentationAnalysisTransform
Transforming grpc-core-1.57.0.jar (io.grpc:grpc-core:1.57.0) with InstrumentationAnalysisTransform
Transforming grpc-core-1.57.0.jar (io.grpc:grpc-core:1.57.0) with MergeInstrumentationAnalysisTransform
Transforming gson-2.10.1.jar (com.google.code.gson:gson:2.10.1) with InstrumentationAnalysisTransform
Transforming gson-2.10.1.jar (com.google.code.gson:gson:2.10.1) with MergeInstrumentationAnalysisTransform
Transforming grpc-stub-1.57.0.jar (io.grpc:grpc-stub:1.57.0) with InstrumentationAnalysisTransform
Transforming grpc-stub-1.57.0.jar (io.grpc:grpc-stub:1.57.0) with MergeInstrumentationAnalysisTransform
Transforming core-proto-0.0.9-alpha02.jar (com.google.testing.platform:core-proto:0.0.9-alpha02) with InstrumentationAnalysisTransform
Transforming core-proto-0.0.9-alpha02.jar (com.google.testing.platform:core-proto:0.0.9-alpha02) with MergeInstrumentationAnalysisTransform
Transforming tensorflow-lite-metadata-0.1.0-rc2.jar (org.tensorflow:tensorflow-lite-metadata:0.1.0-rc2) with InstrumentationAnalysisTransform
Transforming tensorflow-lite-metadata-0.1.0-rc2.jar (org.tensorflow:tensorflow-lite-metadata:0.1.0-rc2) with MergeInstrumentationAnalysisTransform
Transforming flatbuffers-java-1.12.0.jar (com.google.flatbuffers:flatbuffers-java:1.12.0) with InstrumentationAnalysisTransform
Transforming flatbuffers-java-1.12.0.jar (com.google.flatbuffers:flatbuffers-java:1.12.0) with MergeInstrumentationAnalysisTransform
Transforming jimfs-1.1.jar (com.google.jimfs:jimfs:1.1) with InstrumentationAnalysisTransform
Transforming jimfs-1.1.jar (com.google.jimfs:jimfs:1.1) with MergeInstrumentationAnalysisTransform
Transforming grpc-context-1.57.0.jar (io.grpc:grpc-context:1.57.0) with InstrumentationAnalysisTransform
Transforming grpc-context-1.57.0.jar (io.grpc:grpc-context:1.57.0) with MergeInstrumentationAnalysisTransform
Transforming grpc-protobuf-lite-1.57.0.jar (io.grpc:grpc-protobuf-lite:1.57.0) with InstrumentationAnalysisTransform
Transforming grpc-protobuf-lite-1.57.0.jar (io.grpc:grpc-protobuf-lite:1.57.0) with MergeInstrumentationAnalysisTransform
Transforming grpc-api-1.57.0.jar (io.grpc:grpc-api:1.57.0) with InstrumentationAnalysisTransform
Transforming grpc-api-1.57.0.jar (io.grpc:grpc-api:1.57.0) with MergeInstrumentationAnalysisTransform
Transforming guava-32.0.1-jre.jar (com.google.guava:guava:32.0.1-jre) with InstrumentationAnalysisTransform
Transforming guava-32.0.1-jre.jar (com.google.guava:guava:32.0.1-jre) with MergeInstrumentationAnalysisTransform
Transforming dagger-2.28.3.jar (com.google.dagger:dagger:2.28.3) with InstrumentationAnalysisTransform
Transforming dagger-2.28.3.jar (com.google.dagger:dagger:2.28.3) with MergeInstrumentationAnalysisTransform
Transforming javax.inject-1.jar (javax.inject:javax.inject:1) with InstrumentationAnalysisTransform
Transforming javax.inject-1.jar (javax.inject:javax.inject:1) with MergeInstrumentationAnalysisTransform
Transforming kxml2-2.3.0.jar (net.sf.kxml:kxml2:2.3.0) with InstrumentationAnalysisTransform
Transforming kxml2-2.3.0.jar (net.sf.kxml:kxml2:2.3.0) with MergeInstrumentationAnalysisTransform
Transforming bcutil-jdk18on-1.77.jar (org.bouncycastle:bcutil-jdk18on:1.77) with InstrumentationAnalysisTransform
Transforming bcutil-jdk18on-1.77.jar (org.bouncycastle:bcutil-jdk18on:1.77) with MergeInstrumentationAnalysisTransform
Transforming bcprov-jdk18on-1.77.jar (org.bouncycastle:bcprov-jdk18on:1.77) with InstrumentationAnalysisTransform
Transforming bcprov-jdk18on-1.77.jar (org.bouncycastle:bcprov-jdk18on:1.77) with MergeInstrumentationAnalysisTransform
Transforming kotlin-android-extensions-1.9.23.jar (org.jetbrains.kotlin:kotlin-android-extensions:1.9.23) with InstrumentationAnalysisTransform
Transforming kotlin-android-extensions-1.9.23.jar (org.jetbrains.kotlin:kotlin-android-extensions:1.9.23) with MergeInstrumentationAnalysisTransform
Transforming kotlin-compiler-embeddable-1.9.23.jar (org.jetbrains.kotlin:kotlin-compiler-embeddable:1.9.23) with InstrumentationAnalysisTransform
Transforming kotlin-compiler-embeddable-1.9.23.jar (org.jetbrains.kotlin:kotlin-compiler-embeddable:1.9.23) with MergeInstrumentationAnalysisTransform
Transforming trove4j-1.0.20200330.jar (org.jetbrains.intellij.deps:trove4j:1.0.20200330) with InstrumentationAnalysisTransform
Transforming trove4j-1.0.20200330.jar (org.jetbrains.intellij.deps:trove4j:1.0.20200330) with MergeInstrumentationAnalysisTransform
Transforming commons-compress-1.21.jar (org.apache.commons:commons-compress:1.21) with InstrumentationAnalysisTransform
Transforming commons-compress-1.21.jar (org.apache.commons:commons-compress:1.21) with MergeInstrumentationAnalysisTransform
Transforming httpclient-4.5.14.jar (org.apache.httpcomponents:httpclient:4.5.14) with InstrumentationAnalysisTransform
Transforming httpclient-4.5.14.jar (org.apache.httpcomponents:httpclient:4.5.14) with MergeInstrumentationAnalysisTransform
Transforming httpcore-4.4.16.jar (org.apache.httpcomponents:httpcore:4.4.16) with InstrumentationAnalysisTransform
Transforming httpcore-4.4.16.jar (org.apache.httpcomponents:httpcore:4.4.16) with MergeInstrumentationAnalysisTransform
Transforming javax.activation-1.2.0.jar (com.sun.activation:javax.activation:1.2.0) with InstrumentationAnalysisTransform
Transforming builder-test-api-8.7.0.jar (com.android.tools.build:builder-test-api:8.7.0) with ExternalDependencyInstrumentingArtifactTransform
Transforming javax.activation-1.2.0.jar (com.sun.activation:javax.activation:1.2.0) with MergeInstrumentationAnalysisTransform
Transforming signflinger-8.7.0.jar (com.android:signflinger:8.7.0) with InstrumentationAnalysisTransform
Transforming signflinger-8.7.0.jar (com.android:signflinger:8.7.0) with MergeInstrumentationAnalysisTransform
Transforming zipflinger-8.7.0.jar (com.android:zipflinger:8.7.0) with InstrumentationAnalysisTransform
Transforming layoutlib-api-31.7.0.jar (com.android.tools.layoutlib:layoutlib-api:31.7.0) with ExternalDependencyInstrumentingArtifactTransform
Transforming ddmlib-31.7.0.jar (com.android.tools.ddms:ddmlib:31.7.0) with ExternalDependencyInstrumentingArtifactTransform
Transforming zipflinger-8.7.0.jar (com.android:zipflinger:8.7.0) with MergeInstrumentationAnalysisTransform
Transforming gradle-api-8.7.0.jar (com.android.tools.build:gradle-api:8.7.0) with ExternalDependencyInstrumentingArtifactTransform
Transforming annotations-31.7.0.jar (com.android.tools:annotations:31.7.0) with InstrumentationAnalysisTransform
Transforming annotations-31.7.0.jar (com.android.tools:annotations:31.7.0) with MergeInstrumentationAnalysisTransform
Transforming jna-platform-5.6.0.jar (net.java.dev.jna:jna-platform:5.6.0) with InstrumentationAnalysisTransform
Transforming jna-platform-5.6.0.jar (net.java.dev.jna:jna-platform:5.6.0) with MergeInstrumentationAnalysisTransform
Transforming juniversalchardet-1.0.3.jar (com.googlecode.juniversalchardet:juniversalchardet:1.0.3) with InstrumentationAnalysisTransform
Transforming juniversalchardet-1.0.3.jar (com.googlecode.juniversalchardet:juniversalchardet:1.0.3) with MergeInstrumentationAnalysisTransform
Transforming javax.annotation-api-1.3.2.jar (javax.annotation:javax.annotation-api:1.3.2) with InstrumentationAnalysisTransform
Transforming javax.annotation-api-1.3.2.jar (javax.annotation:javax.annotation-api:1.3.2) with MergeInstrumentationAnalysisTransform
Transforming stax-ex-1.8.1.jar (org.jvnet.staxex:stax-ex:1.8.1) with InstrumentationAnalysisTransform
Transforming stax-ex-1.8.1.jar (org.jvnet.staxex:stax-ex:1.8.1) with MergeInstrumentationAnalysisTransform
Transforming dvlib-31.7.0.jar (com.android.tools:dvlib:31.7.0) with ExternalDependencyInstrumentingArtifactTransform
Transforming jackson-module-kotlin-2.12.7.jar (com.fasterxml.jackson.module:jackson-module-kotlin:2.12.7) with InstrumentationAnalysisTransform
Transforming common-31.7.0.jar (com.android.tools:common:31.7.0) with ExternalDependencyInstrumentingArtifactTransform
Transforming jackson-module-kotlin-2.12.7.jar (com.fasterxml.jackson.module:jackson-module-kotlin:2.12.7) with MergeInstrumentationAnalysisTransform
Transforming jackson-databind-2.12.7.1.jar (com.fasterxml.jackson.core:jackson-databind:2.12.7.1) with InstrumentationAnalysisTransform
Transforming jackson-databind-2.12.7.1.jar (com.fasterxml.jackson.core:jackson-databind:2.12.7.1) with MergeInstrumentationAnalysisTransform
Transforming jackson-annotations-2.12.7.jar (com.fasterxml.jackson.core:jackson-annotations:2.12.7) with InstrumentationAnalysisTransform
Transforming jackson-annotations-2.12.7.jar (com.fasterxml.jackson.core:jackson-annotations:2.12.7) with MergeInstrumentationAnalysisTransform
Transforming jackson-core-2.12.7.jar (com.fasterxml.jackson.core:jackson-core:2.12.7) with InstrumentationAnalysisTransform
Transforming jackson-core-2.12.7.jar (com.fasterxml.jackson.core:jackson-core:2.12.7) with MergeInstrumentationAnalysisTransform
Transforming jackson-dataformat-xml-2.12.7.jar (com.fasterxml.jackson.dataformat:jackson-dataformat-xml:2.12.7) with InstrumentationAnalysisTransform
Transforming jackson-dataformat-xml-2.12.7.jar (com.fasterxml.jackson.dataformat:jackson-dataformat-xml:2.12.7) with MergeInstrumentationAnalysisTransform
Transforming jackson-module-jaxb-annotations-2.12.7.jar (com.fasterxml.jackson.module:jackson-module-jaxb-annotations:2.12.7) with InstrumentationAnalysisTransform
Transforming jackson-module-jaxb-annotations-2.12.7.jar (com.fasterxml.jackson.module:jackson-module-jaxb-annotations:2.12.7) with MergeInstrumentationAnalysisTransform
Transforming jakarta.xml.bind-api-2.3.2.jar (jakarta.xml.bind:jakarta.xml.bind-api:2.3.2) with InstrumentationAnalysisTransform
Transforming jakarta.xml.bind-api-2.3.2.jar (jakarta.xml.bind:jakarta.xml.bind-api:2.3.2) with MergeInstrumentationAnalysisTransform
Transforming txw2-2.3.2.jar (org.glassfish.jaxb:txw2:2.3.2) with InstrumentationAnalysisTransform
Transforming txw2-2.3.2.jar (org.glassfish.jaxb:txw2:2.3.2) with MergeInstrumentationAnalysisTransform
Transforming istack-commons-runtime-3.0.8.jar (com.sun.istack:istack-commons-runtime:3.0.8) with InstrumentationAnalysisTransform
Transforming kotlin-reflect-1.9.23.jar (org.jetbrains.kotlin:kotlin-reflect:1.9.23) with ExternalDependencyInstrumentingArtifactTransform
Transforming istack-commons-runtime-3.0.8.jar (com.sun.istack:istack-commons-runtime:3.0.8) with MergeInstrumentationAnalysisTransform
Transforming FastInfoset-1.2.16.jar (com.sun.xml.fastinfoset:FastInfoset:1.2.16) with InstrumentationAnalysisTransform
Transforming FastInfoset-1.2.16.jar (com.sun.xml.fastinfoset:FastInfoset:1.2.16) with MergeInstrumentationAnalysisTransform
Transforming jetifier-core-1.0.0-beta10.jar (com.android.tools.build.jetifier:jetifier-core:1.0.0-beta10) with ExternalDependencyInstrumentingArtifactTransform
Transforming jakarta.activation-api-1.2.1.jar (jakarta.activation:jakarta.activation-api:1.2.1) with InstrumentationAnalysisTransform
Transforming jakarta.activation-api-1.2.1.jar (jakarta.activation:jakarta.activation-api:1.2.1) with MergeInstrumentationAnalysisTransform
Transforming auto-value-annotations-1.6.2.jar (com.google.auto.value:auto-value-annotations:1.6.2) with InstrumentationAnalysisTransform
Transforming auto-value-annotations-1.6.2.jar (com.google.auto.value:auto-value-annotations:1.6.2) with MergeInstrumentationAnalysisTransform
Transforming jetifier-processor-1.0.0-beta10.jar (com.android.tools.build.jetifier:jetifier-processor:1.0.0-beta10) with ExternalDependencyInstrumentingArtifactTransform
Transforming error_prone_annotations-2.18.0.jar (com.google.errorprone:error_prone_annotations:2.18.0) with InstrumentationAnalysisTransform
Transforming error_prone_annotations-2.18.0.jar (com.google.errorprone:error_prone_annotations:2.18.0) with MergeInstrumentationAnalysisTransform
Transforming jose4j-0.9.5.jar (org.bitbucket.b_c:jose4j:0.9.5) with InstrumentationAnalysisTransform
Transforming jose4j-0.9.5.jar (org.bitbucket.b_c:jose4j:0.9.5) with MergeInstrumentationAnalysisTransform
Transforming slf4j-api-1.7.30.jar (org.slf4j:slf4j-api:1.7.30) with InstrumentationAnalysisTransform
Transforming slf4j-api-1.7.30.jar (org.slf4j:slf4j-api:1.7.30) with MergeInstrumentationAnalysisTransform
Transforming jdom2-2.0.6.jar (org.jdom:jdom2:2.0.6) with InstrumentationAnalysisTransform
Transforming kotlin-stdlib-jdk7-1.9.20.jar (org.jetbrains.kotlin:kotlin-stdlib-jdk7:1.9.20) with ExternalDependencyInstrumentingArtifactTransform
Transforming jdom2-2.0.6.jar (org.jdom:jdom2:2.0.6) with MergeInstrumentationAnalysisTransform
Transforming jsr305-3.0.2.jar (com.google.code.findbugs:jsr305:3.0.2) with InstrumentationAnalysisTransform
Transforming jsr305-3.0.2.jar (com.google.code.findbugs:jsr305:3.0.2) with MergeInstrumentationAnalysisTransform
Transforming j2objc-annotations-2.8.jar (com.google.j2objc:j2objc-annotations:2.8) with InstrumentationAnalysisTransform
Transforming kotlin-stdlib-jdk8-1.9.20.jar (org.jetbrains.kotlin:kotlin-stdlib-jdk8:1.9.20) with ExternalDependencyInstrumentingArtifactTransform
Transforming j2objc-annotations-2.8.jar (com.google.j2objc:j2objc-annotations:2.8) with MergeInstrumentationAnalysisTransform
Transforming annotations-4.1.1.4.jar (com.google.android:annotations:4.1.1.4) with InstrumentationAnalysisTransform
Transforming annotations-4.1.1.4.jar (com.google.android:annotations:4.1.1.4) with MergeInstrumentationAnalysisTransform
Transforming animal-sniffer-annotations-1.23.jar (org.codehaus.mojo:animal-sniffer-annotations:1.23) with InstrumentationAnalysisTransform
Transforming animal-sniffer-annotations-1.23.jar (org.codehaus.mojo:animal-sniffer-annotations:1.23) with MergeInstrumentationAnalysisTransform
Transforming perfmark-api-0.26.0.jar (io.perfmark:perfmark-api:0.26.0) with InstrumentationAnalysisTransform
Transforming perfmark-api-0.26.0.jar (io.perfmark:perfmark-api:0.26.0) with MergeInstrumentationAnalysisTransform
Transforming netty-codec-http2-4.1.93.Final.jar (io.netty:netty-codec-http2:4.1.93.Final) with InstrumentationAnalysisTransform
Transforming netty-codec-http2-4.1.93.Final.jar (io.netty:netty-codec-http2:4.1.93.Final) with MergeInstrumentationAnalysisTransform
Transforming netty-handler-proxy-4.1.93.Final.jar (io.netty:netty-handler-proxy:4.1.93.Final) with InstrumentationAnalysisTransform
Transforming kotlin-gradle-plugin-model-1.9.23.jar (org.jetbrains.kotlin:kotlin-gradle-plugin-model:1.9.23) with ExternalDependencyInstrumentingArtifactTransform
Transforming netty-handler-proxy-4.1.93.Final.jar (io.netty:netty-handler-proxy:4.1.93.Final) with MergeInstrumentationAnalysisTransform
Transforming netty-codec-http-4.1.93.Final.jar (io.netty:netty-codec-http:4.1.93.Final) with InstrumentationAnalysisTransform
Transforming netty-codec-http-4.1.93.Final.jar (io.netty:netty-codec-http:4.1.93.Final) with MergeInstrumentationAnalysisTransform
Transforming netty-handler-4.1.93.Final.jar (io.netty:netty-handler:4.1.93.Final) with InstrumentationAnalysisTransform
Transforming netty-handler-4.1.93.Final.jar (io.netty:netty-handler:4.1.93.Final) with MergeInstrumentationAnalysisTransform
Transforming netty-transport-native-unix-common-4.1.93.Final.jar (io.netty:netty-transport-native-unix-common:4.1.93.Final) with InstrumentationAnalysisTransform
Transforming kotlin-stdlib-1.9.23.jar (org.jetbrains.kotlin:kotlin-stdlib:1.9.23) with ExternalDependencyInstrumentingArtifactTransform
Transforming netty-transport-native-unix-common-4.1.93.Final.jar (io.netty:netty-transport-native-unix-common:4.1.93.Final) with MergeInstrumentationAnalysisTransform
Transforming checker-qual-3.33.0.jar (org.checkerframework:checker-qual:3.33.0) with InstrumentationAnalysisTransform
Transforming checker-qual-3.33.0.jar (org.checkerframework:checker-qual:3.33.0) with MergeInstrumentationAnalysisTransform
Transforming commons-codec-1.11.jar (commons-codec:commons-codec:1.11) with InstrumentationAnalysisTransform
Transforming commons-codec-1.11.jar (commons-codec:commons-codec:1.11) with MergeInstrumentationAnalysisTransform
Transforming apksig-8.7.0.jar (com.android.tools.build:apksig:8.7.0) with InstrumentationAnalysisTransform
Transforming apksig-8.7.0.jar (com.android.tools.build:apksig:8.7.0) with MergeInstrumentationAnalysisTransform
Transforming javawriter-2.5.0.jar (com.squareup:javawriter:2.5.0) with InstrumentationAnalysisTransform
Transforming javawriter-2.5.0.jar (com.squareup:javawriter:2.5.0) with MergeInstrumentationAnalysisTransform
Transforming kotlin-gradle-plugin-idea-proto-1.9.23.jar (org.jetbrains.kotlin:kotlin-gradle-plugin-idea-proto:1.9.23) with InstrumentationAnalysisTransform
Transforming kotlin-gradle-plugin-idea-proto-1.9.23.jar (org.jetbrains.kotlin:kotlin-gradle-plugin-idea-proto:1.9.23) with MergeInstrumentationAnalysisTransform
Transforming kotlin-gradle-plugin-idea-1.9.23.jar (org.jetbrains.kotlin:kotlin-gradle-plugin-idea:1.9.23) with InstrumentationAnalysisTransform
Transforming kotlin-gradle-plugin-idea-1.9.23.jar (org.jetbrains.kotlin:kotlin-gradle-plugin-idea:1.9.23) with MergeInstrumentationAnalysisTransform
Transforming kotlin-klib-commonizer-api-1.9.23.jar (org.jetbrains.kotlin:kotlin-klib-commonizer-api:1.9.23) with InstrumentationAnalysisTransform
Transforming kotlin-klib-commonizer-api-1.9.23.jar (org.jetbrains.kotlin:kotlin-klib-commonizer-api:1.9.23) with MergeInstrumentationAnalysisTransform
Transforming kotlin-native-utils-1.9.23.jar (org.jetbrains.kotlin:kotlin-native-utils:1.9.23) with InstrumentationAnalysisTransform
Transforming kotlin-native-utils-1.9.23.jar (org.jetbrains.kotlin:kotlin-native-utils:1.9.23) with MergeInstrumentationAnalysisTransform
Transforming kotlin-util-klib-1.9.23.jar (org.jetbrains.kotlin:kotlin-util-klib:1.9.23) with InstrumentationAnalysisTransform
Transforming kotlin-util-klib-1.9.23.jar (org.jetbrains.kotlin:kotlin-util-klib:1.9.23) with MergeInstrumentationAnalysisTransform
Transforming kotlin-build-tools-api-1.9.23.jar (org.jetbrains.kotlin:kotlin-build-tools-api:1.9.23) with InstrumentationAnalysisTransform
Transforming kotlin-build-tools-api-1.9.23.jar (org.jetbrains.kotlin:kotlin-build-tools-api:1.9.23) with MergeInstrumentationAnalysisTransform
Transforming kotlin-gradle-plugin-api-1.9.23.jar (org.jetbrains.kotlin:kotlin-gradle-plugin-api:1.9.23) with ExternalDependencyInstrumentingArtifactTransform
Transforming kotlin-scripting-compiler-embeddable-1.9.23.jar (org.jetbrains.kotlin:kotlin-scripting-compiler-embeddable:1.9.23) with InstrumentationAnalysisTransform
Transforming kotlin-scripting-compiler-embeddable-1.9.23.jar (org.jetbrains.kotlin:kotlin-scripting-compiler-embeddable:1.9.23) with MergeInstrumentationAnalysisTransform
Transforming kotlin-scripting-compiler-impl-embeddable-1.9.23.jar (org.jetbrains.kotlin:kotlin-scripting-compiler-impl-embeddable:1.9.23) with InstrumentationAnalysisTransform
Transforming kotlin-scripting-compiler-impl-embeddable-1.9.23.jar (org.jetbrains.kotlin:kotlin-scripting-compiler-impl-embeddable:1.9.23) with MergeInstrumentationAnalysisTransform
Transforming failureaccess-1.0.1.jar (com.google.guava:failureaccess:1.0.1) with InstrumentationAnalysisTransform
Transforming failureaccess-1.0.1.jar (com.google.guava:failureaccess:1.0.1) with MergeInstrumentationAnalysisTransform
Transforming listenablefuture-9999.0-empty-to-avoid-conflict-with-guava.jar (com.google.guava:listenablefuture:9999.0-empty-to-avoid-conflict-with-guava) with InstrumentationAnalysisTransform
Transforming listenablefuture-9999.0-empty-to-avoid-conflict-with-guava.jar (com.google.guava:listenablefuture:9999.0-empty-to-avoid-conflict-with-guava) with MergeInstrumentationAnalysisTransform
Transforming commons-logging-1.2.jar (commons-logging:commons-logging:1.2) with InstrumentationAnalysisTransform
Transforming commons-logging-1.2.jar (commons-logging:commons-logging:1.2) with MergeInstrumentationAnalysisTransform
Transforming jna-5.6.0.jar (net.java.dev.jna:jna:5.6.0) with InstrumentationAnalysisTransform
Transforming jna-5.6.0.jar (net.java.dev.jna:jna:5.6.0) with MergeInstrumentationAnalysisTransform
Transforming netty-codec-socks-4.1.93.Final.jar (io.netty:netty-codec-socks:4.1.93.Final) with InstrumentationAnalysisTransform
Transforming netty-codec-socks-4.1.93.Final.jar (io.netty:netty-codec-socks:4.1.93.Final) with MergeInstrumentationAnalysisTransform
Transforming netty-codec-4.1.93.Final.jar (io.netty:netty-codec:4.1.93.Final) with InstrumentationAnalysisTransform
Transforming netty-codec-4.1.93.Final.jar (io.netty:netty-codec:4.1.93.Final) with MergeInstrumentationAnalysisTransform
Transforming netty-transport-4.1.93.Final.jar (io.netty:netty-transport:4.1.93.Final) with InstrumentationAnalysisTransform
Transforming netty-transport-4.1.93.Final.jar (io.netty:netty-transport:4.1.93.Final) with MergeInstrumentationAnalysisTransform
Transforming netty-buffer-4.1.93.Final.jar (io.netty:netty-buffer:4.1.93.Final) with InstrumentationAnalysisTransform
Transforming netty-buffer-4.1.93.Final.jar (io.netty:netty-buffer:4.1.93.Final) with MergeInstrumentationAnalysisTransform
Transforming netty-resolver-4.1.93.Final.jar (io.netty:netty-resolver:4.1.93.Final) with InstrumentationAnalysisTransform
Transforming netty-resolver-4.1.93.Final.jar (io.netty:netty-resolver:4.1.93.Final) with MergeInstrumentationAnalysisTransform
Transforming netty-common-4.1.93.Final.jar (io.netty:netty-common:4.1.93.Final) with InstrumentationAnalysisTransform
Transforming netty-common-4.1.93.Final.jar (io.netty:netty-common:4.1.93.Final) with MergeInstrumentationAnalysisTransform
Transforming kotlin-gradle-plugin-annotations-1.9.23.jar (org.jetbrains.kotlin:kotlin-gradle-plugin-annotations:1.9.23) with InstrumentationAnalysisTransform
Transforming kotlin-gradle-plugin-annotations-1.9.23.jar (org.jetbrains.kotlin:kotlin-gradle-plugin-annotations:1.9.23) with MergeInstrumentationAnalysisTransform
Transforming kotlin-project-model-1.9.23.jar (org.jetbrains.kotlin:kotlin-project-model:1.9.23) with InstrumentationAnalysisTransform
Transforming kotlin-project-model-1.9.23.jar (org.jetbrains.kotlin:kotlin-project-model:1.9.23) with MergeInstrumentationAnalysisTransform
Transforming kotlin-tooling-core-1.9.23.jar (org.jetbrains.kotlin:kotlin-tooling-core:1.9.23) with InstrumentationAnalysisTransform
Transforming kotlin-tooling-core-1.9.23.jar (org.jetbrains.kotlin:kotlin-tooling-core:1.9.23) with MergeInstrumentationAnalysisTransform
Transforming kotlin-util-io-1.9.23.jar (org.jetbrains.kotlin:kotlin-util-io:1.9.23) with InstrumentationAnalysisTransform
Transforming kotlin-util-io-1.9.23.jar (org.jetbrains.kotlin:kotlin-util-io:1.9.23) with MergeInstrumentationAnalysisTransform
Transforming kotlin-daemon-embeddable-1.9.23.jar (org.jetbrains.kotlin:kotlin-daemon-embeddable:1.9.23) with InstrumentationAnalysisTransform
Transforming kotlin-daemon-embeddable-1.9.23.jar (org.jetbrains.kotlin:kotlin-daemon-embeddable:1.9.23) with MergeInstrumentationAnalysisTransform
Transforming kotlin-daemon-client-1.9.23.jar (org.jetbrains.kotlin:kotlin-daemon-client:1.9.23) with InstrumentationAnalysisTransform
Transforming kotlin-gradle-plugin-1.9.23-gradle82.jar (org.jetbrains.kotlin:kotlin-gradle-plugin:1.9.23) with ExternalDependencyInstrumentingArtifactTransform
Transforming kotlin-daemon-client-1.9.23.jar (org.jetbrains.kotlin:kotlin-daemon-client:1.9.23) with MergeInstrumentationAnalysisTransform
Transforming kotlin-scripting-jvm-1.9.23.jar (org.jetbrains.kotlin:kotlin-scripting-jvm:1.9.23) with InstrumentationAnalysisTransform
Transforming kotlin-scripting-jvm-1.9.23.jar (org.jetbrains.kotlin:kotlin-scripting-jvm:1.9.23) with MergeInstrumentationAnalysisTransform
Transforming kotlin-scripting-common-1.9.23.jar (org.jetbrains.kotlin:kotlin-scripting-common:1.9.23) with InstrumentationAnalysisTransform
Transforming kotlin-compiler-runner-1.9.23.jar (org.jetbrains.kotlin:kotlin-compiler-runner:1.9.23) with ExternalDependencyInstrumentingArtifactTransform
Transforming kotlin-scripting-common-1.9.23.jar (org.jetbrains.kotlin:kotlin-scripting-common:1.9.23) with MergeInstrumentationAnalysisTransform
Transforming woodstox-core-6.2.4.jar (com.fasterxml.woodstox:woodstox-core:6.2.4) with InstrumentationAnalysisTransform
Transforming woodstox-core-6.2.4.jar (com.fasterxml.woodstox:woodstox-core:6.2.4) with MergeInstrumentationAnalysisTransform
Transforming stax2-api-4.2.1.jar (org.codehaus.woodstox:stax2-api:4.2.1) with InstrumentationAnalysisTransform
Transforming stax2-api-4.2.1.jar (org.codehaus.woodstox:stax2-api:4.2.1) with MergeInstrumentationAnalysisTransform
Transforming annotations-13.0.jar (org.jetbrains:annotations:13.0) with ExternalDependencyInstrumentingArtifactTransform
Transforming kotlinx-coroutines-core-jvm-1.7.3.jar (org.jetbrains.kotlinx:kotlinx-coroutines-core-jvm:1.7.3) with ExternalDependencyInstrumentingArtifactTransform
Transforming dokka-gradle-plugin-1.9.20.jar (org.jetbrains.dokka:dokka-gradle-plugin:1.9.20) with ExternalDependencyInstrumentingArtifactTransform
Transforming lint-typedef-remover-31.7.0.jar (com.android.tools.lint:lint-typedef-remover:31.7.0) with ExternalDependencyInstrumentingArtifactTransform
Transforming crash-31.7.0.jar (com.android.tools.analytics-library:crash:31.7.0) with ExternalDependencyInstrumentingArtifactTransform
Transforming dokka-core-1.9.20.jar (org.jetbrains.dokka:dokka-core:1.9.20) with ExternalDependencyInstrumentingArtifactTransform
Transforming bundletool-1.17.1.jar (com.android.tools.build:bundletool:1.17.1) with ExternalDependencyInstrumentingArtifactTransform
Transforming aapt2-proto-8.7.0-12006047.jar (com.android.tools.build:aapt2-proto:8.7.0-12006047) with ExternalDependencyInstrumentingArtifactTransform
Transforming baseLibrary-8.7.0.jar (com.android.databinding:baseLibrary:8.7.0) with ExternalDependencyInstrumentingArtifactTransform
Transforming android-device-provider-ddmlib-proto-31.7.0.jar (com.android.tools.utp:android-device-provider-ddmlib-proto:31.7.0) with ExternalDependencyInstrumentingArtifactTransform
Transforming databinding-common-8.7.0.jar (androidx.databinding:databinding-common:8.7.0) with ExternalDependencyInstrumentingArtifactTransform
Transforming android-device-provider-profile-proto-31.7.0.jar (com.android.tools.utp:android-device-provider-profile-proto:31.7.0) with ExternalDependencyInstrumentingArtifactTransform
Transforming android-test-plugin-host-additional-test-output-proto-31.7.0.jar (com.android.tools.utp:android-test-plugin-host-additional-test-output-proto:31.7.0) with ExternalDependencyInstrumentingArtifactTransform
Transforming android-device-provider-gradle-proto-31.7.0.jar (com.android.tools.utp:android-device-provider-gradle-proto:31.7.0) with ExternalDependencyInstrumentingArtifactTransform
Transforming transform-api-2.0.0-deprecated-use-gradle-api.jar (com.android.tools.build:transform-api:2.0.0-deprecated-use-gradle-api) with ExternalDependencyInstrumentingArtifactTransform
Transforming android-test-plugin-result-listener-gradle-proto-31.7.0.jar (com.android.tools.utp:android-test-plugin-result-listener-gradle-proto:31.7.0) with ExternalDependencyInstrumentingArtifactTransform
Transforming android-test-plugin-host-logcat-proto-31.7.0.jar (com.android.tools.utp:android-test-plugin-host-logcat-proto:31.7.0) with ExternalDependencyInstrumentingArtifactTransform
Transforming android-test-plugin-host-coverage-proto-31.7.0.jar (com.android.tools.utp:android-test-plugin-host-coverage-proto:31.7.0) with ExternalDependencyInstrumentingArtifactTransform
Transforming android-test-plugin-host-apk-installer-proto-31.7.0.jar (com.android.tools.utp:android-test-plugin-host-apk-installer-proto:31.7.0) with ExternalDependencyInstrumentingArtifactTransform
Transforming asm-tree-9.6.jar (org.ow2.asm:asm-tree:9.6) with ExternalDependencyInstrumentingArtifactTransform
Transforming asm-9.6.jar (org.ow2.asm:asm:9.6) with ExternalDependencyInstrumentingArtifactTransform
Transforming asm-util-9.6.jar (org.ow2.asm:asm-util:9.6) with ExternalDependencyInstrumentingArtifactTransform
Transforming asm-analysis-9.6.jar (org.ow2.asm:asm-analysis:9.6) with ExternalDependencyInstrumentingArtifactTransform
Transforming httpmime-4.5.6.jar (org.apache.httpcomponents:httpmime:4.5.6) with ExternalDependencyInstrumentingArtifactTransform
Transforming commons-io-2.13.0.jar (commons-io:commons-io:2.13.0) with ExternalDependencyInstrumentingArtifactTransform
Transforming asm-commons-9.6.jar (org.ow2.asm:asm-commons:9.6) with ExternalDependencyInstrumentingArtifactTransform
Transforming apkzlib-8.7.0.jar (com.android.tools.build:apkzlib:8.7.0) with ExternalDependencyInstrumentingArtifactTransform
Transforming bcpkix-jdk18on-1.77.jar (org.bouncycastle:bcpkix-jdk18on:1.77) with ExternalDependencyInstrumentingArtifactTransform
Transforming protobuf-java-util-3.22.3.jar (com.google.protobuf:protobuf-java-util:3.22.3) with ExternalDependencyInstrumentingArtifactTransform
Transforming jopt-simple-4.9.jar (net.sf.jopt-simple:jopt-simple:4.9) with ExternalDependencyInstrumentingArtifactTransform
Transforming grpc-protobuf-1.57.0.jar (io.grpc:grpc-protobuf:1.57.0) with ExternalDependencyInstrumentingArtifactTransform
Transforming jaxb-runtime-2.3.2.jar (org.glassfish.jaxb:jaxb-runtime:2.3.2) with ExternalDependencyInstrumentingArtifactTransform
Transforming javapoet-1.10.0.jar (com.squareup:javapoet:1.10.0) with ExternalDependencyInstrumentingArtifactTransform
Transforming tink-1.7.0.jar (com.google.crypto.tink:tink:1.7.0) with ExternalDependencyInstrumentingArtifactTransform
Transforming protobuf-java-3.22.3.jar (com.google.protobuf:protobuf-java:3.22.3) with ExternalDependencyInstrumentingArtifactTransform
Transforming grpc-netty-1.57.0.jar (io.grpc:grpc-netty:1.57.0) with ExternalDependencyInstrumentingArtifactTransform
Transforming grpc-core-1.57.0.jar (io.grpc:grpc-core:1.57.0) with ExternalDependencyInstrumentingArtifactTransform
Transforming gson-2.10.1.jar (com.google.code.gson:gson:2.10.1) with ExternalDependencyInstrumentingArtifactTransform
Transforming protos-31.7.0.jar (com.android.tools.analytics-library:protos:31.7.0) with ExternalDependencyInstrumentingArtifactTransform
Transforming proto-google-common-protos-2.17.0.jar (com.google.api.grpc:proto-google-common-protos:2.17.0) with ExternalDependencyInstrumentingArtifactTransform
Transforming tensorflow-lite-metadata-0.1.0-rc2.jar (org.tensorflow:tensorflow-lite-metadata:0.1.0-rc2) with ExternalDependencyInstrumentingArtifactTransform
Transforming core-proto-0.0.9-alpha02.jar (com.google.testing.platform:core-proto:0.0.9-alpha02) with ExternalDependencyInstrumentingArtifactTransform
Transforming grpc-stub-1.57.0.jar (io.grpc:grpc-stub:1.57.0) with ExternalDependencyInstrumentingArtifactTransform
Transforming flatbuffers-java-1.12.0.jar (com.google.flatbuffers:flatbuffers-java:1.12.0) with ExternalDependencyInstrumentingArtifactTransform
Transforming grpc-context-1.57.0.jar (io.grpc:grpc-context:1.57.0) with ExternalDependencyInstrumentingArtifactTransform
Transforming javax.inject-1.jar (javax.inject:javax.inject:1) with ExternalDependencyInstrumentingArtifactTransform
Transforming grpc-protobuf-lite-1.57.0.jar (io.grpc:grpc-protobuf-lite:1.57.0) with ExternalDependencyInstrumentingArtifactTransform
Transforming grpc-api-1.57.0.jar (io.grpc:grpc-api:1.57.0) with ExternalDependencyInstrumentingArtifactTransform
Transforming jimfs-1.1.jar (com.google.jimfs:jimfs:1.1) with ExternalDependencyInstrumentingArtifactTransform
Transforming guava-32.0.1-jre.jar (com.google.guava:guava:32.0.1-jre) with ExternalDependencyInstrumentingArtifactTransform
Transforming bcutil-jdk18on-1.77.jar (org.bouncycastle:bcutil-jdk18on:1.77) with ExternalDependencyInstrumentingArtifactTransform
Transforming dagger-2.28.3.jar (com.google.dagger:dagger:2.28.3) with ExternalDependencyInstrumentingArtifactTransform
Transforming bcprov-jdk18on-1.77.jar (org.bouncycastle:bcprov-jdk18on:1.77) with ExternalDependencyInstrumentingArtifactTransform
Transforming kxml2-2.3.0.jar (net.sf.kxml:kxml2:2.3.0) with ExternalDependencyInstrumentingArtifactTransform
Transforming kotlin-android-extensions-1.9.23.jar (org.jetbrains.kotlin:kotlin-android-extensions:1.9.23) with ExternalDependencyInstrumentingArtifactTransform
Transforming kotlin-compiler-embeddable-1.9.23.jar (org.jetbrains.kotlin:kotlin-compiler-embeddable:1.9.23) with ExternalDependencyInstrumentingArtifactTransform
Transforming commons-compress-1.21.jar (org.apache.commons:commons-compress:1.21) with ExternalDependencyInstrumentingArtifactTransform
Transforming httpclient-4.5.14.jar (org.apache.httpcomponents:httpclient:4.5.14) with ExternalDependencyInstrumentingArtifactTransform
Transforming trove4j-1.0.20200330.jar (org.jetbrains.intellij.deps:trove4j:1.0.20200330) with ExternalDependencyInstrumentingArtifactTransform
Transforming httpcore-4.4.16.jar (org.apache.httpcomponents:httpcore:4.4.16) with ExternalDependencyInstrumentingArtifactTransform
Transforming javax.activation-1.2.0.jar (com.sun.activation:javax.activation:1.2.0) with ExternalDependencyInstrumentingArtifactTransform
Transforming signflinger-8.7.0.jar (com.android:signflinger:8.7.0) with ExternalDependencyInstrumentingArtifactTransform
Transforming annotations-31.7.0.jar (com.android.tools:annotations:31.7.0) with ExternalDependencyInstrumentingArtifactTransform
Transforming zipflinger-8.7.0.jar (com.android:zipflinger:8.7.0) with ExternalDependencyInstrumentingArtifactTransform
Transforming jna-platform-5.6.0.jar (net.java.dev.jna:jna-platform:5.6.0) with ExternalDependencyInstrumentingArtifactTransform
Transforming juniversalchardet-1.0.3.jar (com.googlecode.juniversalchardet:juniversalchardet:1.0.3) with ExternalDependencyInstrumentingArtifactTransform
Transforming jackson-annotations-2.12.7.jar (com.fasterxml.jackson.core:jackson-annotations:2.12.7) with ExternalDependencyInstrumentingArtifactTransform
Transforming stax-ex-1.8.1.jar (org.jvnet.staxex:stax-ex:1.8.1) with ExternalDependencyInstrumentingArtifactTransform
Transforming jackson-databind-2.12.7.1.jar (com.fasterxml.jackson.core:jackson-databind:2.12.7.1) with ExternalDependencyInstrumentingArtifactTransform
Transforming jackson-core-2.12.7.jar (com.fasterxml.jackson.core:jackson-core:2.12.7) with ExternalDependencyInstrumentingArtifactTransform
Transforming jackson-module-jaxb-annotations-2.12.7.jar (com.fasterxml.jackson.module:jackson-module-jaxb-annotations:2.12.7) with ExternalDependencyInstrumentingArtifactTransform
Transforming jackson-dataformat-xml-2.12.7.jar (com.fasterxml.jackson.dataformat:jackson-dataformat-xml:2.12.7) with ExternalDependencyInstrumentingArtifactTransform
Transforming javax.annotation-api-1.3.2.jar (javax.annotation:javax.annotation-api:1.3.2) with ExternalDependencyInstrumentingArtifactTransform
Transforming jackson-module-kotlin-2.12.7.jar (com.fasterxml.jackson.module:jackson-module-kotlin:2.12.7) with ExternalDependencyInstrumentingArtifactTransform
Transforming jakarta.xml.bind-api-2.3.2.jar (jakarta.xml.bind:jakarta.xml.bind-api:2.3.2) with ExternalDependencyInstrumentingArtifactTransform
Transforming txw2-2.3.2.jar (org.glassfish.jaxb:txw2:2.3.2) with ExternalDependencyInstrumentingArtifactTransform
Transforming auto-value-annotations-1.6.2.jar (com.google.auto.value:auto-value-annotations:1.6.2) with ExternalDependencyInstrumentingArtifactTransform
Transforming error_prone_annotations-2.18.0.jar (com.google.errorprone:error_prone_annotations:2.18.0) with ExternalDependencyInstrumentingArtifactTransform
Transforming FastInfoset-1.2.16.jar (com.sun.xml.fastinfoset:FastInfoset:1.2.16) with ExternalDependencyInstrumentingArtifactTransform
Transforming j2objc-annotations-2.8.jar (com.google.j2objc:j2objc-annotations:2.8) with ExternalDependencyInstrumentingArtifactTransform
Transforming annotations-4.1.1.4.jar (com.google.android:annotations:4.1.1.4) with ExternalDependencyInstrumentingArtifactTransform
Transforming jose4j-0.9.5.jar (org.bitbucket.b_c:jose4j:0.9.5) with ExternalDependencyInstrumentingArtifactTransform
Transforming jakarta.activation-api-1.2.1.jar (jakarta.activation:jakarta.activation-api:1.2.1) with ExternalDependencyInstrumentingArtifactTransform
Transforming istack-commons-runtime-3.0.8.jar (com.sun.istack:istack-commons-runtime:3.0.8) with ExternalDependencyInstrumentingArtifactTransform
Transforming slf4j-api-1.7.30.jar (org.slf4j:slf4j-api:1.7.30) with ExternalDependencyInstrumentingArtifactTransform
Transforming jdom2-2.0.6.jar (org.jdom:jdom2:2.0.6) with ExternalDependencyInstrumentingArtifactTransform
Transforming animal-sniffer-annotations-1.23.jar (org.codehaus.mojo:animal-sniffer-annotations:1.23) with ExternalDependencyInstrumentingArtifactTransform
Transforming jsr305-3.0.2.jar (com.google.code.findbugs:jsr305:3.0.2) with ExternalDependencyInstrumentingArtifactTransform
Transforming netty-codec-http2-4.1.93.Final.jar (io.netty:netty-codec-http2:4.1.93.Final) with ExternalDependencyInstrumentingArtifactTransform
Transforming perfmark-api-0.26.0.jar (io.perfmark:perfmark-api:0.26.0) with ExternalDependencyInstrumentingArtifactTransform
Transforming netty-codec-http-4.1.93.Final.jar (io.netty:netty-codec-http:4.1.93.Final) with ExternalDependencyInstrumentingArtifactTransform
Transforming netty-handler-proxy-4.1.93.Final.jar (io.netty:netty-handler-proxy:4.1.93.Final) with ExternalDependencyInstrumentingArtifactTransform
Transforming netty-handler-4.1.93.Final.jar (io.netty:netty-handler:4.1.93.Final) with ExternalDependencyInstrumentingArtifactTransform
Transforming netty-transport-native-unix-common-4.1.93.Final.jar (io.netty:netty-transport-native-unix-common:4.1.93.Final) with ExternalDependencyInstrumentingArtifactTransform
Transforming checker-qual-3.33.0.jar (org.checkerframework:checker-qual:3.33.0) with ExternalDependencyInstrumentingArtifactTransform
Transforming apksig-8.7.0.jar (com.android.tools.build:apksig:8.7.0) with ExternalDependencyInstrumentingArtifactTransform
Transforming javawriter-2.5.0.jar (com.squareup:javawriter:2.5.0) with ExternalDependencyInstrumentingArtifactTransform
Transforming kotlin-gradle-plugin-idea-proto-1.9.23.jar (org.jetbrains.kotlin:kotlin-gradle-plugin-idea-proto:1.9.23) with ExternalDependencyInstrumentingArtifactTransform
Transforming commons-codec-1.11.jar (commons-codec:commons-codec:1.11) with ExternalDependencyInstrumentingArtifactTransform
Transforming failureaccess-1.0.1.jar (com.google.guava:failureaccess:1.0.1) with ExternalDependencyInstrumentingArtifactTransform
Transforming kotlin-scripting-compiler-embeddable-1.9.23.jar (org.jetbrains.kotlin:kotlin-scripting-compiler-embeddable:1.9.23) with ExternalDependencyInstrumentingArtifactTransform
Transforming kotlin-scripting-compiler-impl-embeddable-1.9.23.jar (org.jetbrains.kotlin:kotlin-scripting-compiler-impl-embeddable:1.9.23) with ExternalDependencyInstrumentingArtifactTransform
Transforming kotlin-native-utils-1.9.23.jar (org.jetbrains.kotlin:kotlin-native-utils:1.9.23) with ExternalDependencyInstrumentingArtifactTransform
Transforming kotlin-klib-commonizer-api-1.9.23.jar (org.jetbrains.kotlin:kotlin-klib-commonizer-api:1.9.23) with ExternalDependencyInstrumentingArtifactTransform
Transforming listenablefuture-9999.0-empty-to-avoid-conflict-with-guava.jar (com.google.guava:listenablefuture:9999.0-empty-to-avoid-conflict-with-guava) with ExternalDependencyInstrumentingArtifactTransform
Transforming kotlin-util-klib-1.9.23.jar (org.jetbrains.kotlin:kotlin-util-klib:1.9.23) with ExternalDependencyInstrumentingArtifactTransform
Transforming kotlin-build-tools-api-1.9.23.jar (org.jetbrains.kotlin:kotlin-build-tools-api:1.9.23) with ExternalDependencyInstrumentingArtifactTransform
Transforming jna-5.6.0.jar (net.java.dev.jna:jna:5.6.0) with ExternalDependencyInstrumentingArtifactTransform
Transforming kotlin-gradle-plugin-idea-1.9.23.jar (org.jetbrains.kotlin:kotlin-gradle-plugin-idea:1.9.23) with ExternalDependencyInstrumentingArtifactTransform
Transforming commons-logging-1.2.jar (commons-logging:commons-logging:1.2) with ExternalDependencyInstrumentingArtifactTransform
Transforming netty-codec-socks-4.1.93.Final.jar (io.netty:netty-codec-socks:4.1.93.Final) with ExternalDependencyInstrumentingArtifactTransform
Transforming netty-codec-4.1.93.Final.jar (io.netty:netty-codec:4.1.93.Final) with ExternalDependencyInstrumentingArtifactTransform
Transforming netty-transport-4.1.93.Final.jar (io.netty:netty-transport:4.1.93.Final) with ExternalDependencyInstrumentingArtifactTransform
Transforming kotlin-gradle-plugin-annotations-1.9.23.jar (org.jetbrains.kotlin:kotlin-gradle-plugin-annotations:1.9.23) with ExternalDependencyInstrumentingArtifactTransform
Transforming netty-buffer-4.1.93.Final.jar (io.netty:netty-buffer:4.1.93.Final) with ExternalDependencyInstrumentingArtifactTransform
Transforming kotlin-tooling-core-1.9.23.jar (org.jetbrains.kotlin:kotlin-tooling-core:1.9.23) with ExternalDependencyInstrumentingArtifactTransform
Transforming netty-resolver-4.1.93.Final.jar (io.netty:netty-resolver:4.1.93.Final) with ExternalDependencyInstrumentingArtifactTransform
Transforming kotlin-util-io-1.9.23.jar (org.jetbrains.kotlin:kotlin-util-io:1.9.23) with ExternalDependencyInstrumentingArtifactTransform
Transforming kotlin-project-model-1.9.23.jar (org.jetbrains.kotlin:kotlin-project-model:1.9.23) with ExternalDependencyInstrumentingArtifactTransform
Transforming kotlin-daemon-client-1.9.23.jar (org.jetbrains.kotlin:kotlin-daemon-client:1.9.23) with ExternalDependencyInstrumentingArtifactTransform
Transforming netty-common-4.1.93.Final.jar (io.netty:netty-common:4.1.93.Final) with ExternalDependencyInstrumentingArtifactTransform
Transforming kotlin-daemon-embeddable-1.9.23.jar (org.jetbrains.kotlin:kotlin-daemon-embeddable:1.9.23) with ExternalDependencyInstrumentingArtifactTransform
Transforming kotlin-scripting-jvm-1.9.23.jar (org.jetbrains.kotlin:kotlin-scripting-jvm:1.9.23) with ExternalDependencyInstrumentingArtifactTransform
Transforming kotlin-scripting-common-1.9.23.jar (org.jetbrains.kotlin:kotlin-scripting-common:1.9.23) with ExternalDependencyInstrumentingArtifactTransform
Transforming stax2-api-4.2.1.jar (org.codehaus.woodstox:stax2-api:4.2.1) with ExternalDependencyInstrumentingArtifactTransform
Transforming woodstox-core-6.2.4.jar (com.fasterxml.woodstox:woodstox-core:6.2.4) with ExternalDependencyInstrumentingArtifactTransform

> Configure project :core
Evaluating project ':core' using build file 'C:\Users\david\dev\robotics\ftc\ARESLib-Kotlin\core\build.gradle.kts'.
Using Kotlin Gradle Plugin gradle82 variant
kotlin scripting plugin: created the scripting discovery configuration: kotlinScriptDef
kotlin scripting plugin: created the scripting discovery configuration: testKotlinScriptDef

Starting process 'command 'C:\Program Files\Amazon Corretto\jre8\bin\java.exe''. Working directory: C:\Users\david\.gradle\.tmp\tmp-jvm6908016066779694025probe Command: C:\Program Files\Amazon Corretto\jre8\bin\java.exe -Xmx32m -Xms32m -cp . JavaProbe
Successfully started process 'command 'C:\Program Files\Amazon Corretto\jre8\bin\java.exe''
Received JVM installation metadata from 'C:\Program Files\Amazon Corretto\jre8': {JAVA_HOME=C:\Program Files\Amazon Corretto\jre8, JAVA_VERSION=1.8.0_462, JAVA_VENDOR=Amazon.com Inc., RUNTIME_NAME=OpenJDK Runtime Environment, RUNTIME_VERSION=1.8.0_462-b08, VM_NAME=OpenJDK 64-Bit Server VM, VM_VERSION=25.462-b08, VM_VENDOR=Amazon.com Inc., OS_ARCH=amd64}
Starting process 'command 'C:\Users\david\.jdks\jbr-21.0.8\bin\java.exe''. Working directory: C:\Users\david\.gradle\.tmp\tmp-jvm15981971571636834122probe Command: C:\Users\david\.jdks\jbr-21.0.8\bin\java.exe -Xmx32m -Xms32m -cp . JavaProbe
Successfully started process 'command 'C:\Users\david\.jdks\jbr-21.0.8\bin\java.exe''
Received JVM installation metadata from 'C:\Users\david\.jdks\jbr-21.0.8': {JAVA_HOME=C:\Users\david\.jdks\jbr-21.0.8, JAVA_VERSION=21.0.8, JAVA_VENDOR=JetBrains s.r.o., RUNTIME_NAME=OpenJDK Runtime Environment, RUNTIME_VERSION=21.0.8+1-b1038.68, VM_NAME=OpenJDK 64-Bit Server VM, VM_VERSION=21.0.8+1-b1038.68, VM_VENDOR=JetBrains s.r.o., OS_ARCH=amd64}
Starting process 'command 'C:\Users\david\.jdks\liberica-24.0.2\bin\java.exe''. Working directory: C:\Users\david\.gradle\.tmp\tmp-jvm18444484471655716046probe Command: C:\Users\david\.jdks\liberica-24.0.2\bin\java.exe -Xmx32m -Xms32m -cp . JavaProbe
Successfully started process 'command 'C:\Users\david\.jdks\liberica-24.0.2\bin\java.exe''
Received JVM installation metadata from 'C:\Users\david\.jdks\liberica-24.0.2': {JAVA_HOME=C:\Users\david\.jdks\liberica-24.0.2, JAVA_VERSION=24.0.2, JAVA_VENDOR=BellSoft, RUNTIME_NAME=OpenJDK Runtime Environment, RUNTIME_VERSION=24.0.2+12, VM_NAME=OpenJDK 64-Bit Server VM, VM_VERSION=24.0.2+12, VM_VENDOR=BellSoft, OS_ARCH=amd64}
Starting process 'command 'C:\Users\david\.jdks\liberica-17.0.16\bin\java.exe''. Working directory: C:\Users\david\.gradle\.tmp\tmp-jvm10898287841150924092probe Command: C:\Users\david\.jdks\liberica-17.0.16\bin\java.exe -Xmx32m -Xms32m -cp . JavaProbe
Successfully started process 'command 'C:\Users\david\.jdks\liberica-17.0.16\bin\java.exe''
Received JVM installation metadata from 'C:\Users\david\.jdks\liberica-17.0.16': {JAVA_HOME=C:\Users\david\.jdks\liberica-17.0.16, JAVA_VERSION=17.0.16, JAVA_VENDOR=BellSoft, RUNTIME_NAME=OpenJDK Runtime Environment, RUNTIME_VERSION=17.0.16+12-LTS, VM_NAME=OpenJDK 64-Bit Server VM, VM_VERSION=17.0.16+12-LTS, VM_VENDOR=BellSoft, OS_ARCH=amd64}
Starting process 'command 'C:\Users\david\.jdks\jbr-25.0.1\bin\java.exe''. Working directory: C:\Users\david\.gradle\.tmp\tmp-jvm17524534029820244223probe Command: C:\Users\david\.jdks\jbr-25.0.1\bin\java.exe -Xmx32m -Xms32m -cp . JavaProbe
Successfully started process 'command 'C:\Users\david\.jdks\jbr-25.0.1\bin\java.exe''
Received JVM installation metadata from 'C:\Users\david\.jdks\jbr-25.0.1': {JAVA_HOME=C:\Users\david\.jdks\jbr-25.0.1, JAVA_VERSION=25.0.1, JAVA_VENDOR=JetBrains s.r.o., RUNTIME_NAME=OpenJDK Runtime Environment, RUNTIME_VERSION=25.0.1+8-b268.49, VM_NAME=OpenJDK 64-Bit Server VM, VM_VERSION=25.0.1+8-b268.49, VM_VENDOR=JetBrains s.r.o., OS_ARCH=amd64}
Starting process 'command 'C:\Program Files\Amazon Corretto\jdk1.8.0_462\bin\java.exe''. Working directory: C:\Users\david\.gradle\.tmp\tmp-jvm12796780486160894813probe Command: C:\Program Files\Amazon Corretto\jdk1.8.0_462\bin\java.exe -Xmx32m -Xms32m -cp . JavaProbe
Successfully started process 'command 'C:\Program Files\Amazon Corretto\jdk1.8.0_462\bin\java.exe''
Received JVM installation metadata from 'C:\Program Files\Amazon Corretto\jdk1.8.0_462': {JAVA_HOME=C:\Program Files\Amazon Corretto\jdk1.8.0_462\jre, JAVA_VERSION=1.8.0_462, JAVA_VENDOR=Amazon.com Inc., RUNTIME_NAME=OpenJDK Runtime Environment, RUNTIME_VERSION=1.8.0_462-b08, VM_NAME=OpenJDK 64-Bit Server VM, VM_VERSION=25.462-b08, VM_VENDOR=Amazon.com Inc., OS_ARCH=amd64}

> Configure project :frc-app
Evaluating project ':frc-app' using build file 'C:\Users\david\dev\robotics\ftc\ARESLib-Kotlin\frc-app\build.gradle'.
Transforming GradleRIO-2026.2.1.jar (edu.wpi.first:GradleRIO:2026.2.1) with InstrumentationAnalysisTransform
Transforming native-utils-2026.0.1.jar (edu.wpi.first:native-utils:2026.0.1) with InstrumentationAnalysisTransform
Transforming gradle-cpp-vscode-2.1.0.jar (edu.wpi.first:gradle-cpp-vscode:2.1.0) with InstrumentationAnalysisTransform
Transforming ToolchainPlugin-2026.0.1.jar (edu.wpi.first:ToolchainPlugin:2026.0.1) with InstrumentationAnalysisTransform
Transforming DeployUtils-2025.2.0.jar (edu.wpi.first:DeployUtils:2025.2.0) with InstrumentationAnalysisTransform
Transforming gson-2.13.1.jar (com.google.code.gson:gson:2.13.1) with InstrumentationAnalysisTransform
Transforming gradle-download-task-5.6.0.jar (de.undercouch:gradle-download-task:5.6.0) with InstrumentationAnalysisTransform
Transforming error_prone_annotations-2.38.0.jar (com.google.errorprone:error_prone_annotations:2.38.0) with InstrumentationAnalysisTransform
Transforming grgit-core-5.0.0.jar (org.ajoberstar.grgit:grgit-core:5.0.0) with InstrumentationAnalysisTransform
Transforming groovy-3.0.9.jar (org.codehaus.groovy:groovy:3.0.9) with InstrumentationAnalysisTransform
Transforming org.eclipse.jgit-6.0.0.202111291000-r.jar (org.eclipse.jgit:org.eclipse.jgit:6.0.0.202111291000-r) with InstrumentationAnalysisTransform
Transforming JavaEWAH-1.1.13.jar (com.googlecode.javaewah:JavaEWAH:1.1.13) with InstrumentationAnalysisTransform
Transforming sshd-sftp-2.13.2.jar (org.apache.sshd:sshd-sftp:2.13.2) with InstrumentationAnalysisTransform
Transforming sshd-core-2.13.2.jar (org.apache.sshd:sshd-core:2.13.2) with InstrumentationAnalysisTransform
Transforming sshd-common-2.13.2.jar (org.apache.sshd:sshd-common:2.13.2) with InstrumentationAnalysisTransform
Transforming jcl-over-slf4j-1.7.32.jar (org.slf4j:jcl-over-slf4j:1.7.32) with InstrumentationAnalysisTransform
Transforming slf4j-api-1.7.32.jar (org.slf4j:slf4j-api:1.7.32) with InstrumentationAnalysisTransform
Transforming eddsa-0.3.0.jar (net.i2p.crypto:eddsa:0.3.0) with InstrumentationAnalysisTransform
Transforming jsch-0.1.55.jar (com.jcraft:jsch:0.1.55) with InstrumentationAnalysisTransform
Transforming GradleRIO-2026.2.1.jar (edu.wpi.first:GradleRIO:2026.2.1) with InstrumentationAnalysisTransform
Transforming GradleRIO-2026.2.1.jar (edu.wpi.first:GradleRIO:2026.2.1) with MergeInstrumentationAnalysisTransform
Transforming native-utils-2026.0.1.jar (edu.wpi.first:native-utils:2026.0.1) with InstrumentationAnalysisTransform
Transforming native-utils-2026.0.1.jar (edu.wpi.first:native-utils:2026.0.1) with MergeInstrumentationAnalysisTransform
Transforming gradle-cpp-vscode-2.1.0.jar (edu.wpi.first:gradle-cpp-vscode:2.1.0) with InstrumentationAnalysisTransform
Transforming gradle-cpp-vscode-2.1.0.jar (edu.wpi.first:gradle-cpp-vscode:2.1.0) with MergeInstrumentationAnalysisTransform
Transforming ToolchainPlugin-2026.0.1.jar (edu.wpi.first:ToolchainPlugin:2026.0.1) with InstrumentationAnalysisTransform
Transforming ToolchainPlugin-2026.0.1.jar (edu.wpi.first:ToolchainPlugin:2026.0.1) with MergeInstrumentationAnalysisTransform
Transforming DeployUtils-2025.2.0.jar (edu.wpi.first:DeployUtils:2025.2.0) with InstrumentationAnalysisTransform
Transforming DeployUtils-2025.2.0.jar (edu.wpi.first:DeployUtils:2025.2.0) with MergeInstrumentationAnalysisTransform
Transforming gson-2.13.1.jar (com.google.code.gson:gson:2.13.1) with InstrumentationAnalysisTransform
Transforming gson-2.13.1.jar (com.google.code.gson:gson:2.13.1) with MergeInstrumentationAnalysisTransform
Transforming gradle-download-task-5.6.0.jar (de.undercouch:gradle-download-task:5.6.0) with InstrumentationAnalysisTransform
Transforming gradle-download-task-5.6.0.jar (de.undercouch:gradle-download-task:5.6.0) with MergeInstrumentationAnalysisTransform
Transforming error_prone_annotations-2.38.0.jar (com.google.errorprone:error_prone_annotations:2.38.0) with InstrumentationAnalysisTransform
Transforming error_prone_annotations-2.38.0.jar (com.google.errorprone:error_prone_annotations:2.38.0) with MergeInstrumentationAnalysisTransform
Transforming grgit-core-5.0.0.jar (org.ajoberstar.grgit:grgit-core:5.0.0) with InstrumentationAnalysisTransform
Transforming grgit-core-5.0.0.jar (org.ajoberstar.grgit:grgit-core:5.0.0) with MergeInstrumentationAnalysisTransform
Transforming groovy-3.0.9.jar (org.codehaus.groovy:groovy:3.0.9) with InstrumentationAnalysisTransform
Transforming groovy-3.0.9.jar (org.codehaus.groovy:groovy:3.0.9) with MergeInstrumentationAnalysisTransform
Transforming org.eclipse.jgit-6.0.0.202111291000-r.jar (org.eclipse.jgit:org.eclipse.jgit:6.0.0.202111291000-r) with InstrumentationAnalysisTransform
Transforming org.eclipse.jgit-6.0.0.202111291000-r.jar (org.eclipse.jgit:org.eclipse.jgit:6.0.0.202111291000-r) with MergeInstrumentationAnalysisTransform
Transforming gradle-cpp-vscode-2.1.0.jar (edu.wpi.first:gradle-cpp-vscode:2.1.0) with ExternalDependencyInstrumentingArtifactTransform
Transforming GradleRIO-2026.2.1.jar (edu.wpi.first:GradleRIO:2026.2.1) with ExternalDependencyInstrumentingArtifactTransform
Transforming JavaEWAH-1.1.13.jar (com.googlecode.javaewah:JavaEWAH:1.1.13) with InstrumentationAnalysisTransform
Transforming JavaEWAH-1.1.13.jar (com.googlecode.javaewah:JavaEWAH:1.1.13) with MergeInstrumentationAnalysisTransform
Transforming sshd-sftp-2.13.2.jar (org.apache.sshd:sshd-sftp:2.13.2) with InstrumentationAnalysisTransform
Transforming native-utils-2026.0.1.jar (edu.wpi.first:native-utils:2026.0.1) with ExternalDependencyInstrumentingArtifactTransform
Transforming sshd-sftp-2.13.2.jar (org.apache.sshd:sshd-sftp:2.13.2) with MergeInstrumentationAnalysisTransform
Transforming ToolchainPlugin-2026.0.1.jar (edu.wpi.first:ToolchainPlugin:2026.0.1) with ExternalDependencyInstrumentingArtifactTransform
Transforming sshd-core-2.13.2.jar (org.apache.sshd:sshd-core:2.13.2) with InstrumentationAnalysisTransform
Transforming sshd-core-2.13.2.jar (org.apache.sshd:sshd-core:2.13.2) with MergeInstrumentationAnalysisTransform
Transforming sshd-common-2.13.2.jar (org.apache.sshd:sshd-common:2.13.2) with InstrumentationAnalysisTransform
Transforming sshd-common-2.13.2.jar (org.apache.sshd:sshd-common:2.13.2) with MergeInstrumentationAnalysisTransform
Transforming DeployUtils-2025.2.0.jar (edu.wpi.first:DeployUtils:2025.2.0) with ExternalDependencyInstrumentingArtifactTransform
Transforming jcl-over-slf4j-1.7.32.jar (org.slf4j:jcl-over-slf4j:1.7.32) with InstrumentationAnalysisTransform
Transforming jcl-over-slf4j-1.7.32.jar (org.slf4j:jcl-over-slf4j:1.7.32) with MergeInstrumentationAnalysisTransform
Transforming slf4j-api-1.7.32.jar (org.slf4j:slf4j-api:1.7.32) with InstrumentationAnalysisTransform
Transforming slf4j-api-1.7.32.jar (org.slf4j:slf4j-api:1.7.32) with MergeInstrumentationAnalysisTransform
Transforming eddsa-0.3.0.jar (net.i2p.crypto:eddsa:0.3.0) with InstrumentationAnalysisTransform
Transforming eddsa-0.3.0.jar (net.i2p.crypto:eddsa:0.3.0) with MergeInstrumentationAnalysisTransform
Transforming gson-2.13.1.jar (com.google.code.gson:gson:2.13.1) with ExternalDependencyInstrumentingArtifactTransform
Transforming jsch-0.1.55.jar (com.jcraft:jsch:0.1.55) with InstrumentationAnalysisTransform
Transforming jsch-0.1.55.jar (com.jcraft:jsch:0.1.55) with MergeInstrumentationAnalysisTransform
Transforming error_prone_annotations-2.38.0.jar (com.google.errorprone:error_prone_annotations:2.38.0) with ExternalDependencyInstrumentingArtifactTransform
Transforming gradle-download-task-5.6.0.jar (de.undercouch:gradle-download-task:5.6.0) with ExternalDependencyInstrumentingArtifactTransform
Transforming grgit-core-5.0.0.jar (org.ajoberstar.grgit:grgit-core:5.0.0) with ExternalDependencyInstrumentingArtifactTransform
Transforming JavaEWAH-1.1.13.jar (com.googlecode.javaewah:JavaEWAH:1.1.13) with ExternalDependencyInstrumentingArtifactTransform
Transforming sshd-common-2.13.2.jar (org.apache.sshd:sshd-common:2.13.2) with ExternalDependencyInstrumentingArtifactTransform
Transforming sshd-sftp-2.13.2.jar (org.apache.sshd:sshd-sftp:2.13.2) with ExternalDependencyInstrumentingArtifactTransform
Transforming jcl-over-slf4j-1.7.32.jar (org.slf4j:jcl-over-slf4j:1.7.32) with ExternalDependencyInstrumentingArtifactTransform
Transforming sshd-core-2.13.2.jar (org.apache.sshd:sshd-core:2.13.2) with ExternalDependencyInstrumentingArtifactTransform
Transforming org.eclipse.jgit-6.0.0.202111291000-r.jar (org.eclipse.jgit:org.eclipse.jgit:6.0.0.202111291000-r) with ExternalDependencyInstrumentingArtifactTransform
Transforming groovy-3.0.9.jar (org.codehaus.groovy:groovy:3.0.9) with ExternalDependencyInstrumentingArtifactTransform
Transforming slf4j-api-1.7.32.jar (org.slf4j:slf4j-api:1.7.32) with ExternalDependencyInstrumentingArtifactTransform
Transforming eddsa-0.3.0.jar (net.i2p.crypto:eddsa:0.3.0) with ExternalDependencyInstrumentingArtifactTransform
Transforming jsch-0.1.55.jar (com.jcraft:jsch:0.1.55) with ExternalDependencyInstrumentingArtifactTransform
Using Kotlin Gradle Plugin gradle82 variant
kotlin scripting plugin: created the scripting discovery configuration: kotlinScriptDef
kotlin scripting plugin: created the scripting discovery configuration: testKotlinScriptDef
Registering vendor dep maven: e995de00-2c64-4df5-8831-c1441420ff19_0 on project :frc-app

> Configure project :ftc-hardware
Evaluating project ':ftc-hardware' using build file 'C:\Users\david\dev\robotics\ftc\ARESLib-Kotlin\ftc-hardware\build.gradle.kts'.
Using Kotlin Gradle Plugin gradle82 variant
kotlin scripting plugin: created the scripting discovery configuration: kotlinScriptDef
kotlin scripting plugin: created the scripting discovery configuration: testKotlinScriptDef

> Configure project :ftc-mocks
Evaluating project ':ftc-mocks' using build file 'C:\Users\david\dev\robotics\ftc\ARESLib-Kotlin\ftc-mocks\build.gradle.kts'.
Using Kotlin Gradle Plugin gradle82 variant
kotlin scripting plugin: created the scripting discovery configuration: kotlinScriptDef
kotlin scripting plugin: created the scripting discovery configuration: testKotlinScriptDef

> Configure project :FtcRobotController
Evaluating project ':FtcRobotController' using build file 'C:\Users\david\dev\robotics\ftc\ARESLib-Kotlin\ftc-app\FtcRobotController\build.gradle'.
Using default execution profile

> Configure project :simulator
Evaluating project ':simulator' using build file 'C:\Users\david\dev\robotics\ftc\ARESLib-Kotlin\simulator\build.gradle.kts'.
Using Kotlin Gradle Plugin gradle82 variant
kotlin scripting plugin: created the scripting discovery configuration: kotlinScriptDef
kotlin scripting plugin: created the scripting discovery configuration: testKotlinScriptDef

> Configure project :TeamCode
Evaluating project ':TeamCode' using build file 'C:\Users\david\dev\robotics\ftc\ARESLib-Kotlin\ftc-app\TeamCode\build.gradle'.
Using default execution profile
Using Kotlin Gradle Plugin gradle82 variant

> Configure project :tools
Evaluating project ':tools' using build file 'C:\Users\david\dev\robotics\ftc\ARESLib-Kotlin\tools\build.gradle'.

> Configure project :tools:replay-gui
Evaluating project ':tools:replay-gui' using build file 'C:\Users\david\dev\robotics\ftc\ARESLib-Kotlin\tools\replay-gui\build.gradle.kts'.
Transforming compose-gradle-plugin-1.6.1.jar (org.jetbrains.compose:compose-gradle-plugin:1.6.1) with InstrumentationAnalysisTransform
Transforming compose-gradle-plugin-1.6.1.jar (org.jetbrains.compose:compose-gradle-plugin:1.6.1) with InstrumentationAnalysisTransform
Transforming compose-gradle-plugin-1.6.1.jar (org.jetbrains.compose:compose-gradle-plugin:1.6.1) with MergeInstrumentationAnalysisTransform
Transforming compose-gradle-plugin-1.6.1.jar (org.jetbrains.compose:compose-gradle-plugin:1.6.1) with ExternalDependencyInstrumentingArtifactTransform
Using Kotlin Gradle Plugin gradle82 variant
kotlin scripting plugin: created the scripting discovery configuration: kotlinScriptDef
kotlin scripting plugin: created the scripting discovery configuration: testKotlinScriptDef
All projects evaluated.
Task path ':core:test' matched project ':core'
Task name matched 'test'
Selected primary task 'test' from project :core
Tasks to be executed: [task ':core:checkKotlinGradlePluginConfigurationErrors', task ':core:compileKotlin', task ':core:compileJava', task ':core:processResources', task ':core:classes', task ':core:compileTestKotlin', task ':core:compileTestJava', task ':core:processTestResources', task ':core:testClasses', task ':core:test']
Tasks that were excluded: []
Running wrapper inspector on project :frc-app
Resolve mutations for :core:checkKotlinGradlePluginConfigurationErrors (Thread[Execution worker Thread 3,5,main]) started.
:core:checkKotlinGradlePluginConfigurationErrors (Thread[Execution worker Thread 3,5,main]) started.

> Task :core:checkKotlinGradlePluginConfigurationErrors
Caching disabled for task ':core:checkKotlinGradlePluginConfigurationErrors' because:
  Build cache is disabled
Task ':core:checkKotlinGradlePluginConfigurationErrors' is not up-to-date because:
  Task has not declared any outputs despite executing actions.
Resolve mutations for :core:compileKotlin (Thread[Execution worker Thread 3,5,main]) started.
:core:compileKotlin (Thread[Execution worker Thread 3,5,main]) started.

> Task :core:compileKotlin UP-TO-DATE
Transforming kotlinx-coroutines-core-jvm-1.8.0.jar with ClasspathEntrySnapshotTransform
Transforming kotlin-stdlib-1.9.23.jar with ClasspathEntrySnapshotTransform
Transforming gson-2.10.1.jar with ClasspathEntrySnapshotTransform
Transforming nt-self-impl-0.0.2.jar with ClasspathEntrySnapshotTransform
Transforming Java-WebSocket-1.5.3.jar with ClasspathEntrySnapshotTransform
Transforming annotations-23.0.0.jar with ClasspathEntrySnapshotTransform
Transforming slf4j-api-1.7.25.jar with ClasspathEntrySnapshotTransform
Caching disabled for task ':core:compileKotlin' because:
  Build cache is disabled
Skipping task ':core:compileKotlin' as it is up-to-date.
Resolve mutations for :core:compileJava (Thread[Execution worker Thread 3,5,main]) started.
:core:compileJava (Thread[Execution worker Thread 3,5,main]) started.

> Task :core:compileJava NO-SOURCE
Skipping task ':core:compileJava' as it has no source files and no previous output files.
Resolve mutations for :core:processResources (Thread[Execution worker Thread 3,5,main]) started.
:core:processResources (Thread[Execution worker Thread 3,5,main]) started.

> Task :core:processResources NO-SOURCE
Skipping task ':core:processResources' as it has no source files and no previous output files.
Resolve mutations for :core:classes (Thread[Execution worker Thread 3,5,main]) started.
:core:classes (Thread[Execution worker Thread 3,5,main]) started.

> Task :core:classes UP-TO-DATE
Skipping task ':core:classes' as it has no actions.
Resolve mutations for :core:compileTestKotlin (Thread[Execution worker Thread 3,5,main]) started.
:core:compileTestKotlin (Thread[Execution worker Thread 3,5,main]) started.

> Task :core:compileTestKotlin UP-TO-DATE
Transforming main with ClasspathEntrySnapshotTransform
Transforming kotlin-test-junit5-1.9.23.jar with ClasspathEntrySnapshotTransform
Transforming kotlin-test-1.9.23.jar with ClasspathEntrySnapshotTransform
Transforming kotlinx-coroutines-core-jvm-1.8.0.jar with ClasspathEntrySnapshotTransform
Transforming kotlin-stdlib-1.9.23.jar with ClasspathEntrySnapshotTransform
Transforming gson-2.10.1.jar with ClasspathEntrySnapshotTransform
Transforming nt-self-impl-0.0.2.jar with ClasspathEntrySnapshotTransform
Transforming Java-WebSocket-1.5.3.jar with ClasspathEntrySnapshotTransform
Transforming annotations-23.0.0.jar with ClasspathEntrySnapshotTransform
Transforming slf4j-api-1.7.25.jar with ClasspathEntrySnapshotTransform
Transforming junit-platform-commons-1.6.3.jar with ClasspathEntrySnapshotTransform
Transforming junit-jupiter-api-5.6.3.jar with ClasspathEntrySnapshotTransform
Transforming apiguardian-api-1.1.0.jar with ClasspathEntrySnapshotTransform
Transforming opentest4j-1.2.0.jar with ClasspathEntrySnapshotTransform
Caching disabled for task ':core:compileTestKotlin' because:
  Build cache is disabled
Skipping task ':core:compileTestKotlin' as it is up-to-date.
Resolve mutations for :core:compileTestJava (Thread[Execution worker Thread 3,5,main]) started.
:core:compileTestJava (Thread[Execution worker Thread 3,5,main]) started.

> Task :core:compileTestJava NO-SOURCE
Skipping task ':core:compileTestJava' as it has no source files and no previous output files.
Resolve mutations for :core:processTestResources (Thread[Execution worker Thread 3,5,main]) started.
:core:processTestResources (Thread[Execution worker Thread 7,5,main]) started.

> Task :core:processTestResources UP-TO-DATE
Caching disabled for task ':core:processTestResources' because:
  Build cache is disabled
  Not worth caching
Skipping task ':core:processTestResources' as it is up-to-date.
Resolve mutations for :core:testClasses (Thread[Execution worker Thread 7,5,main]) started.
:core:testClasses (Thread[Execution worker Thread 7,5,main]) started.

> Task :core:testClasses UP-TO-DATE
Skipping task ':core:testClasses' as it has no actions.
Resolve mutations for :core:test (Thread[Execution worker Thread 7,5,main]) started.
:core:test (Thread[Execution worker Thread 7,5,main]) started.
Gradle Test Executor 1 started executing tests.
Gradle Test Executor 1 finished executing tests.

> Task :core:test FAILED
Caching disabled for task ':core:test' because:
  Build cache is disabled
Task ':core:test' is not up-to-date because:
  Task has failed previously.
file or directory 'C:\Users\david\dev\robotics\ftc\ARESLib-Kotlin\core\build\classes\java\test', not found
Starting process 'Gradle Test Executor 1'. Working directory: C:\Users\david\dev\robotics\ftc\ARESLib-Kotlin\core Command: C:\Users\david\.jdks\jbr-21.0.8\bin\java.exe -Dorg.gradle.internal.worker.tmpdir=C:\Users\david\dev\robotics\ftc\ARESLib-Kotlin\core\build\tmp\test\work @C:\Users\david\.gradle\.tmp\gradle-worker-classpath10805908623250584106txt -Xmx512m -Dfile.encoding=windows-1252 -Duser.country=US -Duser.language=en -Duser.variant -ea worker.org.gradle.process.internal.worker.GradleWorkerMain 'Gradle Test Executor 1'
Successfully started process 'Gradle Test Executor 1'

NT4TelemetryReflectionTest > testReflectionWpilibTelemetryIntegration() STANDARD_ERROR
    ReflectionWpilibTelemetry: Failed to initialize reflection bindings: edu.wpi.first.networktables.PubSubOption
    ReflectionWpilibTelemetry: error putting number for Test/DoubleValue: edu.wpi.first.networktables.DoubleTopic.publish(null)
    java.lang.NoSuchMethodException: edu.wpi.first.networktables.DoubleTopic.publish(null)
    	at java.base/java.lang.Class.getMethod(Class.java:2395)
    	at com.areslib.telemetry.ReflectionWpilibTelemetry$putNumber$pub$1.invoke(ReflectionWpilibTelemetry.kt:47)
    	at com.areslib.telemetry.ReflectionWpilibTelemetry$putNumber$pub$1.invoke(ReflectionWpilibTelemetry.kt:45)
    	at com.areslib.telemetry.ReflectionWpilibTelemetry.putNumber$lambda$0(ReflectionWpilibTelemetry.kt:45)
    	at java.base/java.util.concurrent.ConcurrentHashMap.computeIfAbsent(ConcurrentHashMap.java:1708)
    	at com.areslib.telemetry.ReflectionWpilibTelemetry.putNumber(ReflectionWpilibTelemetry.kt:45)
    	at com.areslib.telemetry.NT4Telemetry.putNumber(NT4Telemetry.kt:45)
    	at com.areslib.telemetry.NT4TelemetryReflectionTest.testReflectionWpilibTelemetryIntegration(NT4TelemetryReflectionTest.kt:18)
    	at java.base/jdk.internal.reflect.DirectMethodHandleAccessor.invoke(DirectMethodHandleAccessor.java:103)
    	at java.base/java.lang.reflect.Method.invoke(Method.java:580)
    	at org.junit.platform.commons.util.ReflectionUtils.invokeMethod(ReflectionUtils.java:686)
    	at org.junit.jupiter.engine.execution.MethodInvocation.proceed(MethodInvocation.java:60)
    	at org.junit.jupiter.engine.execution.InvocationInterceptorChain$ValidatingInvocation.proceed(InvocationInterceptorChain.java:131)
    	at org.junit.jupiter.engine.extension.TimeoutExtension.intercept(TimeoutExtension.java:149)
    	at org.junit.jupiter.engine.extension.TimeoutExtension.interceptTestableMethod(TimeoutExtension.java:140)
    	at org.junit.jupiter.engine.extension.TimeoutExtension.interceptTestMethod(TimeoutExtension.java:84)
    	at org.junit.jupiter.engine.execution.ExecutableInvoker$ReflectiveInterceptorCall.lambda$ofVoidMethod$0(ExecutableInvoker.java:115)
    	at org.junit.jupiter.engine.execution.ExecutableInvoker.lambda$invoke$0(ExecutableInvoker.java:105)
    	at org.junit.jupiter.engine.execution.InvocationInterceptorChain$InterceptedInvocation.proceed(InvocationInterceptorChain.java:106)
    	at org.junit.jupiter.engine.execution.InvocationInterceptorChain.proceed(InvocationInterceptorChain.java:64)
    	at org.junit.jupiter.engine.execution.InvocationInterceptorChain.chainAndInvoke(InvocationInterceptorChain.java:45)
    	at org.junit.jupiter.engine.execution.InvocationInterceptorChain.invoke(InvocationInterceptorChain.java:37)
    	at org.junit.jupiter.engine.execution.ExecutableInvoker.invoke(ExecutableInvoker.java:104)
    	at org.junit.jupiter.engine.execution.ExecutableInvoker.invoke(ExecutableInvoker.java:98)
    	at org.junit.jupiter.engine.descriptor.TestMethodTestDescriptor.lambda$invokeTestMethod$6(TestMethodTestDescriptor.java:212)
    	at org.junit.platform.engine.support.hierarchical.ThrowableCollector.execute(ThrowableCollector.java:73)
    	at org.junit.jupiter.engine.descriptor.TestMethodTestDescriptor.invokeTestMethod(TestMethodTestDescriptor.java:208)
    	at org.junit.jupiter.engine.descriptor.TestMethodTestDescriptor.execute(TestMethodTestDescriptor.java:137)
    	at org.junit.jupiter.engine.descriptor.TestMethodTestDescriptor.execute(TestMethodTestDescriptor.java:71)
    	at org.junit.platform.engine.support.hierarchical.NodeTestTask.lambda$executeRecursively$5(NodeTestTask.java:135)
    	at org.junit.platform.engine.support.hierarchical.ThrowableCollector.execute(ThrowableCollector.java:73)
    	at org.junit.platform.engine.support.hierarchical.NodeTestTask.lambda$executeRecursively$7(NodeTestTask.java:125)
    	at org.junit.platform.engine.support.hierarchical.Node.around(Node.java:135)
    	at org.junit.platform.engine.support.hierarchical.NodeTestTask.lambda$executeRecursively$8(NodeTestTask.java:123)
    	at org.junit.platform.engine.support.hierarchical.ThrowableCollector.execute(ThrowableCollector.java:73)
    	at org.junit.platform.engine.support.hierarchical.NodeTestTask.executeRecursively(NodeTestTask.java:122)
    	at org.junit.platform.engine.support.hierarchical.NodeTestTask.execute(NodeTestTask.java:80)
    	at java.base/java.util.ArrayList.forEach(ArrayList.java:1596)
    	at org.junit.platform.engine.support.hierarchical.SameThreadHierarchicalTestExecutorService.invokeAll(SameThreadHierarchicalTestExecutorService.java:38)
    	at org.junit.platform.engine.support.hierarchical.NodeTestTask.lambda$executeRecursively$5(NodeTestTask.java:139)
    	at org.junit.platform.engine.support.hierarchical.ThrowableCollector.execute(ThrowableCollector.java:73)
    	at org.junit.platform.engine.support.hierarchical.NodeTestTask.lambda$executeRecursively$7(NodeTestTask.java:125)
    	at org.junit.platform.engine.support.hierarchical.Node.around(Node.java:135)
    	at org.junit.platform.engine.support.hierarchical.NodeTestTask.lambda$executeRecursively$8(NodeTestTask.java:123)
    	at org.junit.platform.engine.support.hierarchical.ThrowableCollector.execute(ThrowableCollector.java:73)
    	at org.junit.platform.engine.support.hierarchical.NodeTestTask.executeRecursively(NodeTestTask.java:122)
    	at org.junit.platform.engine.support.hierarchical.NodeTestTask.execute(NodeTestTask.java:80)
    	at java.base/java.util.ArrayList.forEach(ArrayList.java:1596)
    	at org.junit.platform.engine.support.hierarchical.SameThreadHierarchicalTestExecutorService.invokeAll(SameThreadHierarchicalTestExecutorService.java:38)
    	at org.junit.platform.engine.support.hierarchical.NodeTestTask.lambda$executeRecursively$5(NodeTestTask.java:139)
    	at org.junit.platform.engine.support.hierarchical.ThrowableCollector.execute(ThrowableCollector.java:73)
    	at org.junit.platform.engine.support.hierarchical.NodeTestTask.lambda$executeRecursively$7(NodeTestTask.java:125)
    	at org.junit.platform.engine.support.hierarchical.Node.around(Node.java:135)
    	at org.junit.platform.engine.support.hierarchical.NodeTestTask.lambda$executeRecursively$8(NodeTestTask.java:123)
    	at org.junit.platform.engine.support.hierarchical.ThrowableCollector.execute(ThrowableCollector.java:73)
    	at org.junit.platform.engine.support.hierarchical.NodeTestTask.executeRecursively(NodeTestTask.java:122)
    	at org.junit.platform.engine.support.hierarchical.NodeTestTask.execute(NodeTestTask.java:80)
    	at org.junit.platform.engine.support.hierarchical.SameThreadHierarchicalTestExecutorService.submit(SameThreadHierarchicalTestExecutorService.java:32)
    	at org.junit.platform.engine.support.hierarchical.HierarchicalTestExecutor.execute(HierarchicalTestExecutor.java:57)
    	at org.junit.platform.engine.support.hierarchical.HierarchicalTestEngine.execute(HierarchicalTestEngine.java:51)
    	at org.junit.platform.launcher.core.EngineExecutionOrchestrator.execute(EngineExecutionOrchestrator.java:107)
    	at org.junit.platform.launcher.core.EngineExecutionOrchestrator.execute(EngineExecutionOrchestrator.java:88)
    	at org.junit.platform.launcher.core.EngineExecutionOrchestrator.lambda$execute$0(EngineExecutionOrchestrator.java:54)
    	at org.junit.platform.launcher.core.EngineExecutionOrchestrator.withInterceptedStreams(EngineExecutionOrchestrator.java:67)
    	at org.junit.platform.launcher.core.EngineExecutionOrchestrator.execute(EngineExecutionOrchestrator.java:52)
    	at org.junit.platform.launcher.core.DefaultLauncher.execute(DefaultLauncher.java:114)
    	at org.junit.platform.launcher.core.DefaultLauncher.execute(DefaultLauncher.java:86)
    	at org.junit.platform.launcher.core.DefaultLauncherSession$DelegatingLauncher.execute(DefaultLauncherSession.java:86)
    	at org.gradle.api.internal.tasks.testing.junitplatform.JUnitPlatformTestClassProcessor$CollectAllTestClassesExecutor.processAllTestClasses(JUnitPlatformTestClassProcessor.java:124)
    	at org.gradle.api.internal.tasks.testing.junitplatform.JUnitPlatformTestClassProcessor$CollectAllTestClassesExecutor.access$000(JUnitPlatformTestClassProcessor.java:99)
    	at org.gradle.api.internal.tasks.testing.junitplatform.JUnitPlatformTestClassProcessor.stop(JUnitPlatformTestClassProcessor.java:94)
    	at org.gradle.api.internal.tasks.testing.SuiteTestClassProcessor.stop(SuiteTestClassProcessor.java:63)
    	at java.base/jdk.internal.reflect.DirectMethodHandleAccessor.invoke(DirectMethodHandleAccessor.java:103)
    	at java.base/java.lang.reflect.Method.invoke(Method.java:580)
    	at org.gradle.internal.dispatch.ReflectionDispatch.dispatch(ReflectionDispatch.java:36)
    	at org.gradle.internal.dispatch.ReflectionDispatch.dispatch(ReflectionDispatch.java:24)
    	at org.gradle.internal.dispatch.ContextClassLoaderDispatch.dispatch(ContextClassLoaderDispatch.java:33)
    	at org.gradle.internal.dispatch.ProxyDispatchAdapter$DispatchingInvocationHandler.invoke(ProxyDispatchAdapter.java:92)
    	at jdk.proxy1/jdk.proxy1.$Proxy4.stop(Unknown Source)
    	at org.gradle.api.internal.tasks.testing.worker.TestWorker$3.run(TestWorker.java:198)
    	at org.gradle.api.internal.tasks.testing.worker.TestWorker.executeAndMaintainThreadName(TestWorker.java:130)
    	at org.gradle.api.internal.tasks.testing.worker.TestWorker.execute(TestWorker.java:101)
    	at org.gradle.api.internal.tasks.testing.worker.TestWorker.execute(TestWorker.java:61)
    	at org.gradle.process.internal.worker.child.ActionExecutionWorker.execute(ActionExecutionWorker.java:56)
    	at org.gradle.process.internal.worker.child.SystemApplicationClassLoaderWorker.call(SystemApplicationClassLoaderWorker.java:122)
    	at org.gradle.process.internal.worker.child.SystemApplicationClassLoaderWorker.call(SystemApplicationClassLoaderWorker.java:69)
    	at worker.org.gradle.process.internal.worker.GradleWorkerMain.run(GradleWorkerMain.java:69)
    	at worker.org.gradle.process.internal.worker.GradleWorkerMain.main(GradleWorkerMain.java:74)

NT4TelemetryReflectionTest > testReflectionWpilibTelemetryIntegration() FAILED
    org.opentest4j.AssertionFailedError: expected: <42.1> but was: <null>
        at app//org.junit.jupiter.api.AssertionUtils.fail(AssertionUtils.java:55)
        at app//org.junit.jupiter.api.AssertionUtils.failNotEqual(AssertionUtils.java:62)
        at app//org.junit.jupiter.api.AssertEquals.assertEquals(AssertEquals.java:182)
        at app//org.junit.jupiter.api.Assertions.assertEquals(Assertions.java:1135)
        at app//kotlin.test.junit5.JUnit5Asserter.assertEquals(JUnitSupport.kt:32)
        at app//kotlin.test.AssertionsKt__AssertionsKt.assertEquals(Assertions.kt:63)
        at app//kotlin.test.AssertionsKt.assertEquals(Unknown Source)
        at app//kotlin.test.AssertionsKt__AssertionsKt.assertEquals$default(Assertions.kt:62)
        at app//kotlin.test.AssertionsKt.assertEquals$default(Unknown Source)
        at app//com.areslib.telemetry.NT4TelemetryReflectionTest.testReflectionWpilibTelemetryIntegration(NT4TelemetryReflectionTest.kt:19)
Finished generating test XML results (0.034 secs) into: C:\Users\david\dev\robotics\ftc\ARESLib-Kotlin\core\build\test-results\test
Generating HTML test report...
Finished generating test html results (0.034 secs) into: C:\Users\david\dev\robotics\ftc\ARESLib-Kotlin\core\build\reports\tests\test
.\gradlew.bat : 
At line:1 char:1
+ .\gradlew.bat :core:test --tests "com.areslib.telemetry.NT4TelemetryR ...
+ ~~~~~~~~~~~~~~~~~~~~~~~~~~~~~~~~~~~~~~~~~~~~~~~~~~~~~~~~~~~~~~~~~~~~~
    + CategoryInfo          : NotSpecified: (:String) [], RemoteException
    + FullyQualifiedErrorId : NativeCommandError
 
1 test completed, 1 failed
Build Exception: class org.gradle.internal.exceptions.LocationAwareException -> Execution failed for task ':core:test'.
Build Exception: class org.gradle.api.tasks.TaskExecutionException -> Execution failed for task ':core:test'.
Build Exception: class org.gradle.api.internal.exceptions.MarkedVerificationException -> There were failing tests. See the report at: file:///C:/Users/david/dev/robotics/ftc/ARESLib-Kotlin/core/build/reports/tests/test/index.html
Exception Task: class org.gradle.api.tasks.testing.Test_Decorated -> test

FAILURE: Build failed with an exception.

* What went wrong:
Execution failed for task ':core:test'.
> There were failing tests. See the report at: 
file:///C:/Users/david/dev/robotics/ftc/ARESLib-Kotlin/core/build/reports/tests/test/index.html

* Try:
> Run with --scan to get full insights.

Deprecated Gradle features were used in this build, making it incompatible with Gradle 9.0.

You can use '--warning-mode all' to show the individual deprecation warnings and determine if they come from your own scripts or plugins.

For more on this, please refer to https://docs.gradle.org/8.9/userguide/command_line_interface.html#sec:command_line_warnings in the Gradle documentation.

BUILD FAILED in 28s
5 actionable tasks: 2 executed, 3 up-to-date
Watched directory hierarchies: [C:\Users\david\dev\robotics\ftc\ARESLib-Kotlin]
